Archive member included to satisfy reference by file (symbol)

c:/siliconlabs/simplicitystudio/v4/developer/toolchains/gnu_arm/7.2_2017q4/bin/../lib/gcc/arm-none-eabi/7.2.1/thumb/v6-m\libgcc.a(_udivsi3.o)
                              ./CMSIS/EFM32HG/system_efm32hg.o (__aeabi_uidiv)
c:/siliconlabs/simplicitystudio/v4/developer/toolchains/gnu_arm/7.2_2017q4/bin/../lib/gcc/arm-none-eabi/7.2.1/thumb/v6-m\libgcc.a(_dvmd_tls.o)
                              c:/siliconlabs/simplicitystudio/v4/developer/toolchains/gnu_arm/7.2_2017q4/bin/../lib/gcc/arm-none-eabi/7.2.1/thumb/v6-m\libgcc.a(_udivsi3.o) (__aeabi_idiv0)
c:/siliconlabs/simplicitystudio/v4/developer/toolchains/gnu_arm/7.2_2017q4/bin/../lib/gcc/arm-none-eabi/7.2.1/thumb/v6-m\libgcc.a(_clzsi2.o)
                              ./emlib/em_cmu.o (__clzsi2)
c:/siliconlabs/simplicitystudio/v4/developer/toolchains/gnu_arm/7.2_2017q4/bin/../lib/gcc/arm-none-eabi/7.2.1/../../../../arm-none-eabi/lib/thumb/v6-m\libc_nano.a(lib_a-exit.o)
                              c:/siliconlabs/simplicitystudio/v4/developer/toolchains/gnu_arm/7.2_2017q4/bin/../lib/gcc/arm-none-eabi/7.2.1/../../../../arm-none-eabi/lib/thumb/v6-m/crt0.o (exit)
c:/siliconlabs/simplicitystudio/v4/developer/toolchains/gnu_arm/7.2_2017q4/bin/../lib/gcc/arm-none-eabi/7.2.1/../../../../arm-none-eabi/lib/thumb/v6-m\libc_nano.a(lib_a-impure.o)
                              c:/siliconlabs/simplicitystudio/v4/developer/toolchains/gnu_arm/7.2_2017q4/bin/../lib/gcc/arm-none-eabi/7.2.1/../../../../arm-none-eabi/lib/thumb/v6-m\libc_nano.a(lib_a-exit.o) (_global_impure_ptr)
c:/siliconlabs/simplicitystudio/v4/developer/toolchains/gnu_arm/7.2_2017q4/bin/../lib/gcc/arm-none-eabi/7.2.1/../../../../arm-none-eabi/lib/thumb/v6-m\libc_nano.a(lib_a-init.o)
                              c:/siliconlabs/simplicitystudio/v4/developer/toolchains/gnu_arm/7.2_2017q4/bin/../lib/gcc/arm-none-eabi/7.2.1/../../../../arm-none-eabi/lib/thumb/v6-m/crt0.o (__libc_init_array)
c:/siliconlabs/simplicitystudio/v4/developer/toolchains/gnu_arm/7.2_2017q4/bin/../lib/gcc/arm-none-eabi/7.2.1/../../../../arm-none-eabi/lib/thumb/v6-m\libc_nano.a(lib_a-memset.o)
                              c:/siliconlabs/simplicitystudio/v4/developer/toolchains/gnu_arm/7.2_2017q4/bin/../lib/gcc/arm-none-eabi/7.2.1/../../../../arm-none-eabi/lib/thumb/v6-m/crt0.o (memset)
c:/siliconlabs/simplicitystudio/v4/developer/toolchains/gnu_arm/7.2_2017q4/bin/../lib/gcc/arm-none-eabi/7.2.1/../../../../arm-none-eabi/lib/thumb/v6-m\libnosys.a(_exit.o)
                              c:/siliconlabs/simplicitystudio/v4/developer/toolchains/gnu_arm/7.2_2017q4/bin/../lib/gcc/arm-none-eabi/7.2.1/../../../../arm-none-eabi/lib/thumb/v6-m\libc_nano.a(lib_a-exit.o) (_exit)

Discarded input sections

 .text          0x00000000        0x0 c:/siliconlabs/simplicitystudio/v4/developer/toolchains/gnu_arm/7.2_2017q4/bin/../lib/gcc/arm-none-eabi/7.2.1/thumb/v6-m/crti.o
 .data          0x00000000        0x0 c:/siliconlabs/simplicitystudio/v4/developer/toolchains/gnu_arm/7.2_2017q4/bin/../lib/gcc/arm-none-eabi/7.2.1/thumb/v6-m/crti.o
 .bss           0x00000000        0x0 c:/siliconlabs/simplicitystudio/v4/developer/toolchains/gnu_arm/7.2_2017q4/bin/../lib/gcc/arm-none-eabi/7.2.1/thumb/v6-m/crti.o
 .data          0x00000000        0x4 c:/siliconlabs/simplicitystudio/v4/developer/toolchains/gnu_arm/7.2_2017q4/bin/../lib/gcc/arm-none-eabi/7.2.1/thumb/v6-m/crtbegin.o
 .data          0x00000000        0x0 c:/siliconlabs/simplicitystudio/v4/developer/toolchains/gnu_arm/7.2_2017q4/bin/../lib/gcc/arm-none-eabi/7.2.1/../../../../arm-none-eabi/lib/thumb/v6-m/crt0.o
 .bss           0x00000000        0x0 c:/siliconlabs/simplicitystudio/v4/developer/toolchains/gnu_arm/7.2_2017q4/bin/../lib/gcc/arm-none-eabi/7.2.1/../../../../arm-none-eabi/lib/thumb/v6-m/crt0.o
 .ARM.extab     0x00000000        0x0 c:/siliconlabs/simplicitystudio/v4/developer/toolchains/gnu_arm/7.2_2017q4/bin/../lib/gcc/arm-none-eabi/7.2.1/../../../../arm-none-eabi/lib/thumb/v6-m/crt0.o
 .group         0x00000000        0xc ./BSP/bsp_stk_leds.o
 .group         0x00000000        0xc ./BSP/bsp_stk_leds.o
 .group         0x00000000        0xc ./BSP/bsp_stk_leds.o
 .group         0x00000000        0xc ./BSP/bsp_stk_leds.o
 .group         0x00000000        0xc ./BSP/bsp_stk_leds.o
 .group         0x00000000        0xc ./BSP/bsp_stk_leds.o
 .group         0x00000000        0xc ./BSP/bsp_stk_leds.o
 .group         0x00000000        0xc ./BSP/bsp_stk_leds.o
 .group         0x00000000        0xc ./BSP/bsp_stk_leds.o
 .group         0x00000000        0xc ./BSP/bsp_stk_leds.o
 .group         0x00000000        0xc ./BSP/bsp_stk_leds.o
 .group         0x00000000        0xc ./BSP/bsp_stk_leds.o
 .group         0x00000000        0xc ./BSP/bsp_stk_leds.o
 .group         0x00000000        0xc ./BSP/bsp_stk_leds.o
 .group         0x00000000        0xc ./BSP/bsp_stk_leds.o
 .group         0x00000000        0xc ./BSP/bsp_stk_leds.o
[...]
Memory Configuration

Name             Origin             Length             Attributes
FLASH            0x00000000         0x00010000         xr
RAM              0x20000000         0x00002000         xrw
*default*        0x00000000         0xffffffff

Linker script and memory map

LOAD c:/siliconlabs/simplicitystudio/v4/developer/toolchains/gnu_arm/7.2_2017q4/bin/../lib/gcc/arm-none-eabi/7.2.1/thumb/v6-m/crti.o
LOAD c:/siliconlabs/simplicitystudio/v4/developer/toolchains/gnu_arm/7.2_2017q4/bin/../lib/gcc/arm-none-eabi/7.2.1/thumb/v6-m/crtbegin.o
LOAD c:/siliconlabs/simplicitystudio/v4/developer/toolchains/gnu_arm/7.2_2017q4/bin/../lib/gcc/arm-none-eabi/7.2.1/../../../../arm-none-eabi/lib/thumb/v6-m/crt0.o
LOAD ./BSP/bsp_stk_leds.o
LOAD ./CMSIS/EFM32HG/startup_efm32hg.o
LOAD ./CMSIS/EFM32HG/system_efm32hg.o
LOAD ./emlib/em_cmu.o
LOAD ./emlib/em_core.o
LOAD ./emlib/em_emu.o
LOAD ./emlib/em_gpio.o
LOAD ./emlib/em_i2c.o
LOAD ./emlib/em_system.o
LOAD ./src/i2cspm.o
LOAD ./src/main_zg_hg.o
START GROUP
LOAD c:/siliconlabs/simplicitystudio/v4/developer/toolchains/gnu_arm/7.2_2017q4/bin/../lib/gcc/arm-none-eabi/7.2.1/thumb/v6-m\libgcc.a
LOAD c:/siliconlabs/simplicitystudio/v4/developer/toolchains/gnu_arm/7.2_2017q4/bin/../lib/gcc/arm-none-eabi/7.2.1/../../../../arm-none-eabi/lib/thumb/v6-m\libc_nano.a
LOAD c:/siliconlabs/simplicitystudio/v4/developer/toolchains/gnu_arm/7.2_2017q4/bin/../lib/gcc/arm-none-eabi/7.2.1/../../../../arm-none-eabi/lib/thumb/v6-m\libnosys.a
END GROUP
START GROUP
LOAD c:/siliconlabs/simplicitystudio/v4/developer/toolchains/gnu_arm/7.2_2017q4/bin/../lib/gcc/arm-none-eabi/7.2.1/thumb/v6-m\libgcc.a
LOAD c:/siliconlabs/simplicitystudio/v4/developer/toolchains/gnu_arm/7.2_2017q4/bin/../lib/gcc/arm-none-eabi/7.2.1/../../../../arm-none-eabi/lib/thumb/v6-m\libg_nano.a
LOAD c:/siliconlabs/simplicitystudio/v4/developer/toolchains/gnu_arm/7.2_2017q4/bin/../lib/gcc/arm-none-eabi/7.2.1/../../../../arm-none-eabi/lib/thumb/v6-m\libc_nano.a
END GROUP
START GROUP
LOAD c:/siliconlabs/simplicitystudio/v4/developer/toolchains/gnu_arm/7.2_2017q4/bin/../lib/gcc/arm-none-eabi/7.2.1/thumb/v6-m\libgcc.a
LOAD c:/siliconlabs/simplicitystudio/v4/developer/toolchains/gnu_arm/7.2_2017q4/bin/../lib/gcc/arm-none-eabi/7.2.1/../../../../arm-none-eabi/lib/thumb/v6-m\libc_nano.a
END GROUP
LOAD c:/siliconlabs/simplicitystudio/v4/developer/toolchains/gnu_arm/7.2_2017q4/bin/../lib/gcc/arm-none-eabi/7.2.1/thumb/v6-m/crtend.o
LOAD c:/siliconlabs/simplicitystudio/v4/developer/toolchains/gnu_arm/7.2_2017q4/bin/../lib/gcc/arm-none-eabi/7.2.1/thumb/v6-m/crtn.o

.text           0x00000000     0x1730
 *(.vectors)
 .vectors       0x00000000       0x94 ./CMSIS/EFM32HG/startup_efm32hg.o
                0x00000000                __Vectors
                0x00000094                __Vectors_End = .
                0x00000094                __Vectors_Size = (__Vectors_End - __Vectors)
                0x00000094                __end__ = .
 *(.text*)
 .text          0x00000094       0x48 c:/siliconlabs/simplicitystudio/v4/developer/toolchains/gnu_arm/7.2_2017q4/bin/../lib/gcc/arm-none-eabi/7.2.1/thumb/v6-m/crtbegin.o
 .text          0x000000dc       0x78 c:/siliconlabs/simplicitystudio/v4/developer/toolchains/gnu_arm/7.2_2017q4/bin/../lib/gcc/arm-none-eabi/7.2.1/../../../../arm-none-eabi/lib/thumb/v6-m/crt0.o
                0x000000dc                _start
                0x000000dc                _mainCRTStartup
 .text.BSP_LedsInit
                0x00000154       0x38 ./BSP/bsp_stk_leds.o
                0x00000154                BSP_LedsInit
 .text.BSP_LedsSet
                0x0000018c       0x34 ./BSP/bsp_stk_leds.o
                0x0000018c                BSP_LedsSet
 .text          0x000001c0       0x30 ./CMSIS/EFM32HG/startup_efm32hg.o
                0x000001c0                Reset_Handler
                0x000001ec                USART0_TX_IRQHandler
                0x000001ec                I2C0_IRQHandler
                0x000001ec                HardFault_Handler
                0x000001ec                USART1_RX_IRQHandler
                0x000001ec                PendSV_Handler
                0x000001ec                NMI_Handler
                0x000001ec                USART1_TX_IRQHandler
                0x000001ec                MSC_IRQHandler
                0x000001ec                ADC0_IRQHandler
                0x000001ec                LEUART0_IRQHandler
                0x000001ec                RTC_IRQHandler
                0x000001ec                TIMER0_IRQHandler
                0x000001ec                TIMER2_IRQHandler
                0x000001ec                TIMER1_IRQHandler
                0x000001ec                Default_Handler
                0x000001ec                PCNT0_IRQHandler
                0x000001ec                sl_app_properties
                0x000001ec                USB_IRQHandler
                0x000001ec                ACMP0_IRQHandler
                0x000001ec                USART0_RX_IRQHandler
                0x000001ec                SVC_Handler
                0x000001ec                CMU_IRQHandler
                0x000001ec                AES_IRQHandler
                0x000001ec                VCMP_IRQHandler
                0x000001ec                DMA_IRQHandler
 .text.SystemMaxCoreClockGet
                0x000001f0        0x8 ./CMSIS/EFM32HG/system_efm32hg.o
                0x000001f0                SystemMaxCoreClockGet
 .text.SystemHFClockGet
                0x000001f8       0xc0 ./CMSIS/EFM32HG/system_efm32hg.o
                0x000001f8                SystemHFClockGet
 .text.SystemCoreClockGet
                0x000002b8       0x20 ./CMSIS/EFM32HG/system_efm32hg.o
                0x000002b8                SystemCoreClockGet
 .text.SystemInit
                0x000002d8       0x10 ./CMSIS/EFM32HG/system_efm32hg.o
                0x000002d8                SystemInit
 .text.SystemLFRCOClockGet
                0x000002e8        0x8 ./CMSIS/EFM32HG/system_efm32hg.o
                0x000002e8                SystemLFRCOClockGet
 .text.SystemULFRCOClockGet
                0x000002f0        0x8 ./CMSIS/EFM32HG/system_efm32hg.o
                0x000002f0                SystemULFRCOClockGet
 .text.SystemLFXOClockGet
                0x000002f8        0xc ./CMSIS/EFM32HG/system_efm32hg.o
                0x000002f8                SystemLFXOClockGet
 .text.flashWaitStateMax
                0x00000304       0x4c ./emlib/em_cmu.o
 .text.auxClkGet
                0x00000350       0x90 ./emlib/em_cmu.o
 .text.CMU_ClockDivGet
                0x000003e0       0x84 ./emlib/em_cmu.o
                0x000003e0                CMU_ClockDivGet
 .text.CMU_ClockEnable
                0x00000464       0x94 ./emlib/em_cmu.o
                0x00000464                CMU_ClockEnable
 .text.CMU_ClockSelectGet
                0x000004f8       0xf4 ./emlib/em_cmu.o
                0x000004f8                CMU_ClockSelectGet
 .text.lfClkGet
                0x000005ec       0x84 ./emlib/em_cmu.o
 .text.CMU_ClockFreqGet
                0x00000670      0x124 ./emlib/em_cmu.o
                0x00000670                CMU_ClockFreqGet
 .text.CMU_OscillatorEnable
                0x00000794       0x70 ./emlib/em_cmu.o
                0x00000794                CMU_OscillatorEnable
 .text.CMU_ClockSelectSet
                0x00000804      0x1ec ./emlib/em_cmu.o
                0x00000804                CMU_ClockSelectSet
 .text.CORE_EnterCritical
                0x000009f0        0x8 ./emlib/em_core.o
                0x000009f0                CORE_EnterCritical
 .text.CORE_ExitCritical
                0x000009f8        0x8 ./emlib/em_core.o
                0x000009f8                CORE_ExitCritical
 .text.emState.part.0
                0x00000a00       0x24 ./emlib/em_emu.o
 .text.emState.constprop.2
                0x00000a24       0x5c ./emlib/em_emu.o
 .text.EMU_EM23PresleepHook
                0x00000a80        0x4 ./emlib/em_emu.o
                0x00000a80                EMU_EM23PresleepHook
 .text.EMU_EM23PostsleepHook
                0x00000a84        0x4 ./emlib/em_emu.o
                0x00000a84                EMU_EM23PostsleepHook
 .text.EMU_EnterEM3
                0x00000a88       0x78 ./emlib/em_emu.o
                0x00000a88                EMU_EnterEM3
 .text.GPIO_ExtIntConfig
                0x00000b00       0x9c ./emlib/em_gpio.o
                0x00000b00                GPIO_ExtIntConfig
 .text.GPIO_PinModeSet
                0x00000b9c       0x98 ./emlib/em_gpio.o
                0x00000b9c                GPIO_PinModeSet
 .text.I2C_BusFreqSet.part.0
                0x00000c34       0x70 ./emlib/em_i2c.o
 .text.I2C_Init
                0x00000ca4       0x40 ./emlib/em_i2c.o
                0x00000ca4                I2C_Init
 .text.I2C_Transfer
                0x00000ce4      0x320 ./emlib/em_i2c.o
                0x00000ce4                I2C_Transfer
 .text.I2C_TransferInit
                0x00001004       0x78 ./emlib/em_i2c.o
                0x00001004                I2C_TransferInit
 .text.I2CSPM_Transfer
                0x0000107c       0x28 ./src/i2cspm.o
                0x0000107c                I2CSPM_Transfer
 .text.initCMU  0x000010a4       0x34 ./src/main_zg_hg.o
                0x000010a4                initCMU
 .text.initGPIO
                0x000010d8       0x28 ./src/main_zg_hg.o
                0x000010d8                initGPIO
 .text.initI2C  0x00001100       0x5c ./src/main_zg_hg.o
                0x00001100                initI2C
 .text.writeRegister
                0x0000115c       0x38 ./src/main_zg_hg.o
                0x0000115c                writeRegister
 .text.writeNoData
                0x00001194       0x38 ./src/main_zg_hg.o
                0x00001194                writeNoData
 .text.readMailbox
                0x000011cc       0x34 ./src/main_zg_hg.o
                0x000011cc                readMailbox
 .text.GPIO_EVEN_IRQHandler
                0x00001200       0x20 ./src/main_zg_hg.o
                0x00001200                GPIO_EVEN_IRQHandler
 .text.GPIO_ODD_IRQHandler
                0x00001220        0x8 ./src/main_zg_hg.o
                0x00001220                GPIO_ODD_IRQHandler
 .text.SysTick_Handler
                0x00001228       0x10 ./src/main_zg_hg.o
                0x00001228                SysTick_Handler
 .text.startup.main
                0x00001238      0x1cc ./src/main_zg_hg.o
                0x00001238                main
 .text          0x00001404      0x114 c:/siliconlabs/simplicitystudio/v4/developer/toolchains/gnu_arm/7.2_2017q4/bin/../lib/gcc/arm-none-eabi/7.2.1/thumb/v6-m\libgcc.a(_udivsi3.o)
                0x00001404                __aeabi_uidiv
                0x00001404                __udivsi3
                0x00001510                __aeabi_uidivmod
 .text          0x00001518        0x4 c:/siliconlabs/simplicitystudio/v4/developer/toolchains/gnu_arm/7.2_2017q4/bin/../lib/gcc/arm-none-eabi/7.2.1/thumb/v6-m\libgcc.a(_dvmd_tls.o)
                0x00001518                __aeabi_idiv0
                0x00001518                __aeabi_ldiv0
 .text.exit     0x0000151c       0x2c c:/siliconlabs/simplicitystudio/v4/developer/toolchains/gnu_arm/7.2_2017q4/bin/../lib/gcc/arm-none-eabi/7.2.1/../../../../arm-none-eabi/lib/thumb/v6-m\libc_nano.a(lib_a-exit.o)
                0x0000151c                exit
 .text.__libc_init_array
                0x00001548       0x48 c:/siliconlabs/simplicitystudio/v4/developer/toolchains/gnu_arm/7.2_2017q4/bin/../lib/gcc/arm-none-eabi/7.2.1/../../../../arm-none-eabi/lib/thumb/v6-m\libc_nano.a(lib_a-init.o)
                0x00001548                __libc_init_array
 .text.memset   0x00001590       0x10 c:/siliconlabs/simplicitystudio/v4/developer/toolchains/gnu_arm/7.2_2017q4/bin/../lib/gcc/arm-none-eabi/7.2.1/../../../../arm-none-eabi/lib/thumb/v6-m\libc_nano.a(lib_a-memset.o)
                0x00001590                memset
 .text._exit    0x000015a0        0x4 c:/siliconlabs/simplicitystudio/v4/developer/toolchains/gnu_arm/7.2_2017q4/bin/../lib/gcc/arm-none-eabi/7.2.1/../../../../arm-none-eabi/lib/thumb/v6-m\libnosys.a(_exit.o)
                0x000015a0                _exit
 *(.init)
 .init          0x000015a4        0x4 c:/siliconlabs/simplicitystudio/v4/developer/toolchains/gnu_arm/7.2_2017q4/bin/../lib/gcc/arm-none-eabi/7.2.1/thumb/v6-m/crti.o
                0x000015a4                _init
 .init          0x000015a8        0x8 c:/siliconlabs/simplicitystudio/v4/developer/toolchains/gnu_arm/7.2_2017q4/bin/../lib/gcc/arm-none-eabi/7.2.1/thumb/v6-m/crtn.o
 *(.fini)
 .fini          0x000015b0        0x4 c:/siliconlabs/simplicitystudio/v4/developer/toolchains/gnu_arm/7.2_2017q4/bin/../lib/gcc/arm-none-eabi/7.2.1/thumb/v6-m/crti.o
                0x000015b0                _fini
 .fini          0x000015b4        0x8 c:/siliconlabs/simplicitystudio/v4/developer/toolchains/gnu_arm/7.2_2017q4/bin/../lib/gcc/arm-none-eabi/7.2.1/thumb/v6-m/crtn.o
 *fill*         0x000015bc        0x4 
 .fini.__stub   0x000015c0       0x10 linker stubs
 *crtbegin.o(.ctors)
 *crtbegin?.o(.ctors)
 *(EXCLUDE_FILE(*crtend.o *crtend?.o) .ctors)
 *(SORT_BY_NAME(.ctors.*))
 *(.ctors)
 *crtbegin.o(.dtors)
 *crtbegin?.o(.dtors)
 *(EXCLUDE_FILE(*crtend.o *crtend?.o) .dtors)
 *(SORT_BY_NAME(.dtors.*))
 *(.dtors)
 *(.rodata*)
 .rodata.CMU_ClockDivGet
                0x000015d0       0x38 ./emlib/em_cmu.o
 .rodata.CMU_ClockEnable
                0x00001608       0x2c ./emlib/em_cmu.o
 .rodata.CMU_ClockSelectGet
                0x00001634       0x20 ./emlib/em_cmu.o
 .rodata.CMU_OscillatorEnable
                0x00001654       0x18 ./emlib/em_cmu.o
 .rodata.CMU_ClockSelectSet
                0x0000166c       0x84 ./emlib/em_cmu.o
 .rodata.I2C_Transfer
                0x000016f0       0x24 ./emlib/em_i2c.o
 .rodata.i2cNSum
                0x00001714        0x4 ./emlib/em_i2c.o
 .rodata        0x00001718       0x10 ./src/main_zg_hg.o
 .rodata._global_impure_ptr
                0x00001728        0x4 c:/siliconlabs/simplicitystudio/v4/developer/toolchains/gnu_arm/7.2_2017q4/bin/../lib/gcc/arm-none-eabi/7.2.1/../../../../arm-none-eabi/lib/thumb/v6-m\libc_nano.a(lib_a-impure.o)
                0x00001728                _global_impure_ptr
 *(.eh_frame*)
 .eh_frame      0x0000172c        0x0 c:/siliconlabs/simplicitystudio/v4/developer/toolchains/gnu_arm/7.2_2017q4/bin/../lib/gcc/arm-none-eabi/7.2.1/thumb/v6-m/crtbegin.o
 .eh_frame      0x0000172c        0x4 c:/siliconlabs/simplicitystudio/v4/developer/toolchains/gnu_arm/7.2_2017q4/bin/../lib/gcc/arm-none-eabi/7.2.1/thumb/v6-m/crtend.o

.glue_7         0x00001730        0x0
 .glue_7        0x00001730        0x0 linker stubs

.glue_7t        0x00001730        0x0
 .glue_7t       0x00001730        0x0 linker stubs

.vfp11_veneer   0x00001730        0x0
 .vfp11_veneer  0x00001730        0x0 linker stubs

.v4_bx          0x00001730        0x0
 .v4_bx         0x00001730        0x0 linker stubs

.iplt           0x00001730        0x0
 .iplt          0x00001730        0x0 c:/siliconlabs/simplicitystudio/v4/developer/toolchains/gnu_arm/7.2_2017q4/bin/../lib/gcc/arm-none-eabi/7.2.1/thumb/v6-m/crtbegin.o

.ARM.extab
 *(.ARM.extab* .gnu.linkonce.armextab.*)
                0x00001730                __exidx_start = .

.ARM.exidx      0x00001730        0x8
 *(.ARM.exidx* .gnu.linkonce.armexidx.*)
 .ARM.exidx     0x00001730        0x8 c:/siliconlabs/simplicitystudio/v4/developer/toolchains/gnu_arm/7.2_2017q4/bin/../lib/gcc/arm-none-eabi/7.2.1/../../../../arm-none-eabi/lib/thumb/v6-m/crt0.o
                0x00001738                __exidx_end = .
                0x00001738                __etext = .

.rel.dyn        0x00001738        0x0
 .rel.iplt      0x00001738        0x0 c:/siliconlabs/simplicitystudio/v4/developer/toolchains/gnu_arm/7.2_2017q4/bin/../lib/gcc/arm-none-eabi/7.2.1/thumb/v6-m/crtbegin.o

.data           0x20000000       0x80 load address 0x00001738
                0x20000000                __data_start__ = .
 *(vtable)
 *(.data*)
 .data.SystemCoreClock
                0x20000000        0x4 ./CMSIS/EFM32HG/system_efm32hg.o
                0x20000000                SystemCoreClock
 .data.SystemHFXOClock
                0x20000004        0x4 ./CMSIS/EFM32HG/system_efm32hg.o
 .data.SystemLFXOClock
                0x20000008        0x4 ./CMSIS/EFM32HG/system_efm32hg.o
 .data.ushfrcoFreq
                0x2000000c        0x4 ./emlib/em_cmu.o
 .data.impure_data
                0x20000010       0x60 c:/siliconlabs/simplicitystudio/v4/developer/toolchains/gnu_arm/7.2_2017q4/bin/../lib/gcc/arm-none-eabi/7.2.1/../../../../arm-none-eabi/lib/thumb/v6-m\libc_nano.a(lib_a-impure.o)
                0x20000070                . = ALIGN (0x4)
                [!provide]                PROVIDE (__ram_func_section_start, .)
 *(.ram)
 .ram           0x20000070        0x8 ./emlib/em_emu.o
                [!provide]                PROVIDE (__ram_func_section_end, .)
                0x20000078                . = ALIGN (0x4)
                0x20000078                PROVIDE (__preinit_array_start, .)
 *(.preinit_array)
                0x20000078                PROVIDE (__preinit_array_end, .)
                0x20000078                . = ALIGN (0x4)
                0x20000078                PROVIDE (__init_array_start, .)
 *(SORT_BY_NAME(.init_array.*))
 *(.init_array)
 .init_array    0x20000078        0x4 c:/siliconlabs/simplicitystudio/v4/developer/toolchains/gnu_arm/7.2_2017q4/bin/../lib/gcc/arm-none-eabi/7.2.1/thumb/v6-m/crtbegin.o
                0x2000007c                PROVIDE (__init_array_end, .)
                0x2000007c                . = ALIGN (0x4)
                [!provide]                PROVIDE (__fini_array_start, .)
 *(SORT_BY_NAME(.fini_array.*))
 *(.fini_array)
 .fini_array    0x2000007c        0x4 c:/siliconlabs/simplicitystudio/v4/developer/toolchains/gnu_arm/7.2_2017q4/bin/../lib/gcc/arm-none-eabi/7.2.1/thumb/v6-m/crtbegin.o
                [!provide]                PROVIDE (__fini_array_end, .)
 *(.jcr*)
                0x20000080                . = ALIGN (0x4)
                0x20000080                __data_end__ = .

.igot.plt       0x20000080        0x0 load address 0x000017b8
 .igot.plt      0x20000080        0x0 c:/siliconlabs/simplicitystudio/v4/developer/toolchains/gnu_arm/7.2_2017q4/bin/../lib/gcc/arm-none-eabi/7.2.1/thumb/v6-m/crtbegin.o

.bss            0x20000080       0x38 load address 0x000017b8
                0x20000080                . = ALIGN (0x4)
                0x20000080                __bss_start__ = .
 *(.bss*)
 .bss           0x20000080       0x1c c:/siliconlabs/simplicitystudio/v4/developer/toolchains/gnu_arm/7.2_2017q4/bin/../lib/gcc/arm-none-eabi/7.2.1/thumb/v6-m/crtbegin.o
 .bss.cmuStatus.8371
                0x2000009c        0x4 ./emlib/em_emu.o
 .bss.hfClock.8372
                0x200000a0        0x1 ./emlib/em_emu.o
 *fill*         0x200000a1        0x3 
 .bss.i2cTransfer
                0x200000a4        0xc ./emlib/em_i2c.o
 .bss.dataAvailable
                0x200000b0        0x1 ./src/main_zg_hg.o
                0x200000b0                dataAvailable
 *fill*         0x200000b1        0x3 
 .bss.msTicks   0x200000b4        0x4 ./src/main_zg_hg.o
 *(COMMON)
                0x200000b8                . = ALIGN (0x4)
                0x200000b8                __bss_end__ = .

.heap           0x200000b8      0x400
                0x200000b8                __HeapBase = .
                0x200000b8                __end__ = .
                0x200000b8                end = __end__
                0x200000b8                _end = __end__
 *(.heap*)
 .heap          0x200000b8      0x400 ./CMSIS/EFM32HG/startup_efm32hg.o
                0x200004b8                __HeapLimit = .

.stack_dummy    0x200000b8      0x400
 *(.stack*)
 .stack         0x200000b8      0x400 ./CMSIS/EFM32HG/startup_efm32hg.o
                0x20002000                __StackTop = (ORIGIN (RAM) + LENGTH (RAM))
                0x20001c00                __StackLimit = (__StackTop - SIZEOF (.stack_dummy))
                0x20002000                PROVIDE (__stack, __StackTop)
                0x00000001                ASSERT ((__StackLimit >= __HeapLimit), region RAM overflowed with stack)
                0x00000001                ASSERT ((LENGTH (FLASH) >= (__etext + SIZEOF (.data))), FLASH memory overflowed !)
OUTPUT(SLSTK3400A_EFM32HG_i2c_2.axf elf32-littlearm)

.ARM.attributes
                0x00000000       0x28
 .ARM.attributes
                0x00000000       0x1e c:/siliconlabs/simplicitystudio/v4/developer/toolchains/gnu_arm/7.2_2017q4/bin/../lib/gcc/arm-none-eabi/7.2.1/thumb/v6-m/crti.o
 .ARM.attributes
                0x0000001e       0x2c c:/siliconlabs/simplicitystudio/v4/developer/toolchains/gnu_arm/7.2_2017q4/bin/../lib/gcc/arm-none-eabi/7.2.1/thumb/v6-m/crtbegin.o
 .ARM.attributes
                0x0000004a       0x1b c:/siliconlabs/simplicitystudio/v4/developer/toolchains/gnu_arm/7.2_2017q4/bin/../lib/gcc/arm-none-eabi/7.2.1/../../../../arm-none-eabi/lib/thumb/v6-m/crt0.o
 .ARM.attributes
                0x00000065       0x32 ./BSP/bsp_stk_leds.o
 .ARM.attributes
                0x00000097       0x1b ./CMSIS/EFM32HG/startup_efm32hg.o
 .ARM.attributes
                0x000000b2       0x32 ./CMSIS/EFM32HG/system_efm32hg.o
 .ARM.attributes
                0x000000e4       0x32 ./emlib/em_cmu.o
 .ARM.attributes
                0x00000116       0x32 ./emlib/em_core.o
 .ARM.attributes
                0x00000148       0x32 ./emlib/em_emu.o
 .ARM.attributes
                0x0000017a       0x32 ./emlib/em_gpio.o
 .ARM.attributes
                0x000001ac       0x32 ./emlib/em_i2c.o
 .ARM.attributes
                0x000001de       0x32 ./src/i2cspm.o
 .ARM.attributes
                0x00000210       0x32 ./src/main_zg_hg.o
 .ARM.attributes
                0x00000242       0x1e c:/siliconlabs/simplicitystudio/v4/developer/toolchains/gnu_arm/7.2_2017q4/bin/../lib/gcc/arm-none-eabi/7.2.1/thumb/v6-m\libgcc.a(_udivsi3.o)
 .ARM.attributes
                0x00000260       0x1e c:/siliconlabs/simplicitystudio/v4/developer/toolchains/gnu_arm/7.2_2017q4/bin/../lib/gcc/arm-none-eabi/7.2.1/thumb/v6-m\libgcc.a(_dvmd_tls.o)
 .ARM.attributes
                0x0000027e       0x2c c:/siliconlabs/simplicitystudio/v4/developer/toolchains/gnu_arm/7.2_2017q4/bin/../lib/gcc/arm-none-eabi/7.2.1/../../../../arm-none-eabi/lib/thumb/v6-m\libc_nano.a(lib_a-exit.o)
 .ARM.attributes
                0x000002aa       0x2c c:/siliconlabs/simplicitystudio/v4/developer/toolchains/gnu_arm/7.2_2017q4/bin/../lib/gcc/arm-none-eabi/7.2.1/../../../../arm-none-eabi/lib/thumb/v6-m\libc_nano.a(lib_a-impure.o)
 .ARM.attributes
                0x000002d6       0x2c c:/siliconlabs/simplicitystudio/v4/developer/toolchains/gnu_arm/7.2_2017q4/bin/../lib/gcc/arm-none-eabi/7.2.1/../../../../arm-none-eabi/lib/thumb/v6-m\libc_nano.a(lib_a-init.o)
 .ARM.attributes
                0x00000302       0x2c c:/siliconlabs/simplicitystudio/v4/developer/toolchains/gnu_arm/7.2_2017q4/bin/../lib/gcc/arm-none-eabi/7.2.1/../../../../arm-none-eabi/lib/thumb/v6-m\libc_nano.a(lib_a-memset.o)
 .ARM.attributes
                0x0000032e       0x2c c:/siliconlabs/simplicitystudio/v4/developer/toolchains/gnu_arm/7.2_2017q4/bin/../lib/gcc/arm-none-eabi/7.2.1/../../../../arm-none-eabi/lib/thumb/v6-m\libnosys.a(_exit.o)
 .ARM.attributes
                0x0000035a       0x2c c:/siliconlabs/simplicitystudio/v4/developer/toolchains/gnu_arm/7.2_2017q4/bin/../lib/gcc/arm-none-eabi/7.2.1/thumb/v6-m/crtend.o
 .ARM.attributes
                0x00000386       0x1e c:/siliconlabs/simplicitystudio/v4/developer/toolchains/gnu_arm/7.2_2017q4/bin/../lib/gcc/arm-none-eabi/7.2.1/thumb/v6-m/crtn.o

.comment        0x00000000       0x7e
 .comment       0x00000000       0x7e ./BSP/bsp_stk_leds.o
                                 0x7f (size before relaxing)
 .comment       0x0000007e       0x7f ./CMSIS/EFM32HG/system_efm32hg.o
 .comment       0x0000007e       0x7f ./emlib/em_cmu.o
 .comment       0x0000007e       0x7f ./emlib/em_core.o
 .comment       0x0000007e       0x7f ./emlib/em_emu.o
 .comment       0x0000007e       0x7f ./emlib/em_gpio.o
 .comment       0x0000007e       0x7f ./emlib/em_i2c.o
 .comment       0x0000007e       0x7f ./src/i2cspm.o
 .comment       0x0000007e       0x7f ./src/main_zg_hg.o

.debug_info     0x00000000     0xd152
 .debug_info    0x00000000     0x121f ./BSP/bsp_stk_leds.o
 .debug_info    0x0000121f       0x26 ./CMSIS/EFM32HG/startup_efm32hg.o
 .debug_info    0x00001245      0xeeb ./CMSIS/EFM32HG/system_efm32hg.o
 .debug_info    0x00002130     0x284a ./emlib/em_cmu.o
 .debug_info    0x0000497a     0x1453 ./emlib/em_core.o
 .debug_info    0x00005dcd     0x167e ./emlib/em_emu.o
 .debug_info    0x0000744b     0x1180 ./emlib/em_gpio.o
 .debug_info    0x000085cb     0x15c4 ./emlib/em_i2c.o
 .debug_info    0x00009b8f     0x12c5 ./src/i2cspm.o
 .debug_info    0x0000ae54     0x22fe ./src/main_zg_hg.o

.debug_abbrev   0x00000000     0x226b
 .debug_abbrev  0x00000000      0x342 ./BSP/bsp_stk_leds.o
 .debug_abbrev  0x00000342       0x14 ./CMSIS/EFM32HG/startup_efm32hg.o
 .debug_abbrev  0x00000356      0x2b2 ./CMSIS/EFM32HG/system_efm32hg.o
 .debug_abbrev  0x00000608      0x4b7 ./emlib/em_cmu.o
 .debug_abbrev  0x00000abf      0x3e9 ./emlib/em_core.o
 .debug_abbrev  0x00000ea8      0x416 ./emlib/em_emu.o
 .debug_abbrev  0x000012be      0x378 ./emlib/em_gpio.o
 .debug_abbrev  0x00001636      0x436 ./emlib/em_i2c.o
 .debug_abbrev  0x00001a6c      0x2ed ./src/i2cspm.o
 .debug_abbrev  0x00001d59      0x512 ./src/main_zg_hg.o

.debug_loc      0x00000000     0x4a0a
 .debug_loc     0x00000000      0x4ce ./BSP/bsp_stk_leds.o
 .debug_loc     0x000004ce      0x127 ./CMSIS/EFM32HG/system_efm32hg.o
 .debug_loc     0x000005f5     0x222d ./emlib/em_cmu.o
 .debug_loc     0x00002822      0x5e4 ./emlib/em_core.o
 .debug_loc     0x00002e06      0x2ec ./emlib/em_emu.o
 .debug_loc     0x000030f2      0x5ee ./emlib/em_gpio.o
 .debug_loc     0x000036e0      0xb2a ./emlib/em_i2c.o
 .debug_loc     0x0000420a      0x186 ./src/i2cspm.o
 .debug_loc     0x00004390      0x67a ./src/main_zg_hg.o

.debug_aranges  0x00000000      0x468
 .debug_aranges
                0x00000000       0x50 ./BSP/bsp_stk_leds.o
 .debug_aranges
                0x00000050       0x20 ./CMSIS/EFM32HG/startup_efm32hg.o
 .debug_aranges
                0x00000070       0x68 ./CMSIS/EFM32HG/system_efm32hg.o
 .debug_aranges
                0x000000d8      0x118 ./emlib/em_cmu.o
 .debug_aranges
                0x000001f0       0xb8 ./emlib/em_core.o
 .debug_aranges
                0x000002a8       0x80 ./emlib/em_emu.o
 .debug_aranges
                0x00000328       0x48 ./emlib/em_gpio.o
 .debug_aranges
                0x00000370       0x58 ./emlib/em_i2c.o
 .debug_aranges
                0x000003c8       0x28 ./src/i2cspm.o
 .debug_aranges
                0x000003f0       0x78 ./src/main_zg_hg.o

.debug_ranges   0x00000000      0xc20
 .debug_ranges  0x00000000      0x118 ./BSP/bsp_stk_leds.o
 .debug_ranges  0x00000118       0x58 ./CMSIS/EFM32HG/system_efm32hg.o
 .debug_ranges  0x00000170      0x450 ./emlib/em_cmu.o
 .debug_ranges  0x000005c0      0x168 ./emlib/em_core.o
 .debug_ranges  0x00000728       0xb8 ./emlib/em_emu.o
 .debug_ranges  0x000007e0      0x128 ./emlib/em_gpio.o
 .debug_ranges  0x00000908      0x130 ./emlib/em_i2c.o
 .debug_ranges  0x00000a38       0x60 ./src/i2cspm.o
 .debug_ranges  0x00000a98      0x188 ./src/main_zg_hg.o

.debug_macro    0x00000000    0x16b1a
 .debug_macro   0x00000000      0x371 ./BSP/bsp_stk_leds.o
 .debug_macro   0x00000371      0xa3c ./BSP/bsp_stk_leds.o
 .debug_macro   0x00000dad      0x317 ./BSP/bsp_stk_leds.o
 .debug_macro   0x000010c4       0x12 ./BSP/bsp_stk_leds.o
 .debug_macro   0x000010d6       0x22 ./BSP/bsp_stk_leds.o
 .debug_macro   0x000010f8       0x4f ./BSP/bsp_stk_leds.o
 .debug_macro   0x00001147       0x51 ./BSP/bsp_stk_leds.o
 .debug_macro   0x00001198       0xef ./BSP/bsp_stk_leds.o
 .debug_macro   0x00001287       0x6a ./BSP/bsp_stk_leds.o
 .debug_macro   0x000012f1      0x1df ./BSP/bsp_stk_leds.o
 .debug_macro   0x000014d0       0x1c ./BSP/bsp_stk_leds.o
 .debug_macro   0x000014ec       0x22 ./BSP/bsp_stk_leds.o
 .debug_macro   0x0000150e       0xb5 ./BSP/bsp_stk_leds.o
 .debug_macro   0x000015c3       0x12 ./BSP/bsp_stk_leds.o
 .debug_macro   0x000015d5       0x58 ./BSP/bsp_stk_leds.o
 .debug_macro   0x0000162d       0x17 ./BSP/bsp_stk_leds.o
 .debug_macro   0x00001644       0x35 ./BSP/bsp_stk_leds.o
 .debug_macro   0x00001679       0x9c ./BSP/bsp_stk_leds.o
 .debug_macro   0x00001715      0x16d ./BSP/bsp_stk_leds.o
 .debug_macro   0x00001882       0x58 ./BSP/bsp_stk_leds.o
 .debug_macro   0x000018da       0x1f ./BSP/bsp_stk_leds.o
 .debug_macro   0x000018f9       0x43 ./BSP/bsp_stk_leds.o
 .debug_macro   0x0000193c       0x20 ./BSP/bsp_stk_leds.o
 .debug_macro   0x0000195c      0x18e ./BSP/bsp_stk_leds.o
 .debug_macro   0x00001aea      0x34d ./BSP/bsp_stk_leds.o
 .debug_macro   0x00001e37       0x10 ./BSP/bsp_stk_leds.o
 .debug_macro   0x00001e47       0x35 ./BSP/bsp_stk_leds.o
 .debug_macro   0x00001e7c       0xde ./BSP/bsp_stk_leds.o
 .debug_macro   0x00001f5a       0xe4 ./BSP/bsp_stk_leds.o
 .debug_macro   0x0000203e      0x37c ./BSP/bsp_stk_leds.o
 .debug_macro   0x000023ba      0x2b0 ./BSP/bsp_stk_leds.o
 .debug_macro   0x0000266a     0x14a5 ./BSP/bsp_stk_leds.o
 .debug_macro   0x00003b0f     0x2af9 ./BSP/bsp_stk_leds.o
 .debug_macro   0x00006608      0x82d ./BSP/bsp_stk_leds.o
 .debug_macro   0x00006e35       0xfa ./BSP/bsp_stk_leds.o
 .debug_macro   0x00006f2f      0x1b3 ./BSP/bsp_stk_leds.o
 .debug_macro   0x000070e2     0x1c99 ./BSP/bsp_stk_leds.o
 .debug_macro   0x00008d7b     0x16ae ./BSP/bsp_stk_leds.o
 .debug_macro   0x0000a429      0x6ca ./BSP/bsp_stk_leds.o
 .debug_macro   0x0000aaf3     0x1bda ./BSP/bsp_stk_leds.o
 .debug_macro   0x0000c6cd      0x79f ./BSP/bsp_stk_leds.o
 .debug_macro   0x0000ce6c      0x229 ./BSP/bsp_stk_leds.o
 .debug_macro   0x0000d095     0x1c09 ./BSP/bsp_stk_leds.o
 .debug_macro   0x0000ec9e      0x33d ./BSP/bsp_stk_leds.o
 .debug_macro   0x0000efdb      0xf1c ./BSP/bsp_stk_leds.o
 .debug_macro   0x0000fef7      0xf9a ./BSP/bsp_stk_leds.o
 .debug_macro   0x00010e91      0xa5b ./BSP/bsp_stk_leds.o
 .debug_macro   0x000118ec     0x106a ./BSP/bsp_stk_leds.o
 .debug_macro   0x00012956      0x37f ./BSP/bsp_stk_leds.o
 .debug_macro   0x00012cd5      0x1c9 ./BSP/bsp_stk_leds.o
 .debug_macro   0x00012e9e      0x166 ./BSP/bsp_stk_leds.o
 .debug_macro   0x00013004      0x256 ./BSP/bsp_stk_leds.o
 .debug_macro   0x0001325a       0x40 ./BSP/bsp_stk_leds.o
 .debug_macro   0x0001329a      0x18c ./BSP/bsp_stk_leds.o
 .debug_macro   0x00013426      0x11e ./BSP/bsp_stk_leds.o
 .debug_macro   0x00013544       0xc4 ./BSP/bsp_stk_leds.o
 .debug_macro   0x00013608      0x252 ./BSP/bsp_stk_leds.o
 .debug_macro   0x0001385a       0x27 ./BSP/bsp_stk_leds.o
 .debug_macro   0x00013881      0x100 ./BSP/bsp_stk_leds.o
 .debug_macro   0x00013981      0x100 ./BSP/bsp_stk_leds.o
 .debug_macro   0x00013a81       0x22 ./BSP/bsp_stk_leds.o
 .debug_macro   0x00013aa3       0x10 ./BSP/bsp_stk_leds.o
 .debug_macro   0x00013ab3       0xbf ./BSP/bsp_stk_leds.o
 .debug_macro   0x00013b72       0x69 ./BSP/bsp_stk_leds.o
 .debug_macro   0x00013bdb      0x33e ./BSP/bsp_stk_leds.o
 .debug_macro   0x00013f19       0xac ./BSP/bsp_stk_leds.o
 .debug_macro   0x00013fc5       0x76 ./BSP/bsp_stk_leds.o
 .debug_macro   0x0001403b       0xf1 ./BSP/bsp_stk_leds.o
 .debug_macro   0x0001412c       0x3a ./BSP/bsp_stk_leds.o
 .debug_macro   0x00014166      0x302 ./CMSIS/EFM32HG/system_efm32hg.o
 .debug_macro   0x00014468      0x391 ./emlib/em_cmu.o
 .debug_macro   0x000147f9       0x2b ./emlib/em_cmu.o
 .debug_macro   0x00014824       0xee ./emlib/em_cmu.o
 .debug_macro   0x00014912       0x11 ./emlib/em_cmu.o
 .debug_macro   0x00014923      0x334 ./emlib/em_core.o
 .debug_macro   0x00014c57       0x63 ./emlib/em_core.o
 .debug_macro   0x00014cba       0xba ./emlib/em_core.o
 .debug_macro   0x00014d74      0x3c3 ./emlib/em_emu.o
 .debug_macro   0x00015137       0x52 ./emlib/em_emu.o
 .debug_macro   0x00015189       0x55 ./emlib/em_emu.o
 .debug_macro   0x000151de      0x353 ./emlib/em_emu.o
 .debug_macro   0x00015531       0x25 ./emlib/em_emu.o
 .debug_macro   0x00015556       0xaf ./emlib/em_emu.o
 .debug_macro   0x00015605       0xc0 ./emlib/em_emu.o
 .debug_macro   0x000156c5       0x34 ./emlib/em_emu.o
 .debug_macro   0x000156f9      0x31b ./emlib/em_gpio.o
 .debug_macro   0x00015a14       0xb9 ./emlib/em_gpio.o
 .debug_macro   0x00015acd      0x37d ./emlib/em_i2c.o
 .debug_macro   0x00015e4a       0x3f ./emlib/em_i2c.o
 .debug_macro   0x00015e89      0x349 ./src/i2cspm.o
 .debug_macro   0x000161d2       0x16 ./src/i2cspm.o
 .debug_macro   0x000161e8       0x45 ./src/i2cspm.o
 .debug_macro   0x0001622d      0x4c8 ./src/main_zg_hg.o
 .debug_macro   0x000166f5       0x16 ./src/main_zg_hg.o
 .debug_macro   0x0001670b       0x57 ./src/main_zg_hg.o
 .debug_macro   0x00016762       0x97 ./src/main_zg_hg.o
 .debug_macro   0x000167f9       0xf6 ./src/main_zg_hg.o
 .debug_macro   0x000168ef       0x10 ./src/main_zg_hg.o
 .debug_macro   0x000168ff       0x10 ./src/main_zg_hg.o
 .debug_macro   0x0001690f       0xb6 ./src/main_zg_hg.o
 .debug_macro   0x000169c5       0x16 ./src/main_zg_hg.o
 .debug_macro   0x000169db      0x129 ./src/main_zg_hg.o
 .debug_macro   0x00016b04       0x16 ./src/main_zg_hg.o

.debug_line     0x00000000     0x6455
 .debug_line    0x00000000      0x9f3 ./BSP/bsp_stk_leds.o
 .debug_line    0x000009f3       0xd5 ./CMSIS/EFM32HG/startup_efm32hg.o
 .debug_line    0x00000ac8      0x868 ./CMSIS/EFM32HG/system_efm32hg.o
 .debug_line    0x00001330     0x1216 ./emlib/em_cmu.o
 .debug_line    0x00002546      0xa1b ./emlib/em_core.o
 .debug_line    0x00002f61      0xad0 ./emlib/em_emu.o
 .debug_line    0x00003a31      0x923 ./emlib/em_gpio.o
 .debug_line    0x00004354      0xbaf ./emlib/em_i2c.o
 .debug_line    0x00004f03      0x904 ./src/i2cspm.o
 .debug_line    0x00005807      0xc4e ./src/main_zg_hg.o

.debug_str      0x00000000    0x7c26e
 .debug_str     0x00000000    0x78be7 ./BSP/bsp_stk_leds.o
                              0x78e98 (size before relaxing)
 .debug_str     0x00078be7       0x97 ./CMSIS/EFM32HG/startup_efm32hg.o
                                 0xf4 (size before relaxing)
 .debug_str     0x00078c7e      0x347 ./CMSIS/EFM32HG/system_efm32hg.o
                              0x76cf6 (size before relaxing)
 .debug_str     0x00078fc5      0xc74 ./emlib/em_cmu.o
                              0x78ef1 (size before relaxing)
 .debug_str     0x00079c39      0xb44 ./emlib/em_core.o
                              0x77858 (size before relaxing)
 .debug_str     0x0007a77d      0x4af ./emlib/em_emu.o
                              0x7912c (size before relaxing)
 .debug_str     0x0007ac2c      0x23c ./emlib/em_gpio.o
                              0x775b4 (size before relaxing)
 .debug_str     0x0007ae68      0x558 ./emlib/em_i2c.o
                              0x78946 (size before relaxing)
 .debug_str     0x0007b3c0      0x162 ./src/i2cspm.o
                              0x78741 (size before relaxing)
 .debug_str     0x0007b522      0xd4c ./src/main_zg_hg.o
                              0x7a289 (size before relaxing)

.debug_frame    0x00000000      0xb08
 .debug_frame   0x00000000       0x88 ./BSP/bsp_stk_leds.o
 .debug_frame   0x00000088       0xd0 ./CMSIS/EFM32HG/system_efm32hg.o
 .debug_frame   0x00000158      0x2a8 ./emlib/em_cmu.o
 .debug_frame   0x00000400      0x208 ./emlib/em_core.o
 .debug_frame   0x00000608      0x150 ./emlib/em_emu.o
 .debug_frame   0x00000758       0xa0 ./emlib/em_gpio.o
 .debug_frame   0x000007f8       0xd8 ./emlib/em_i2c.o
 .debug_frame   0x000008d0       0x48 ./src/i2cspm.o
 .debug_frame   0x00000918      0x13c ./src/main_zg_hg.o
 .debug_frame   0x00000a54       0x20 c:/siliconlabs/simplicitystudio/v4/developer/toolchains/gnu_arm/7.2_2017q4/bin/../lib/gcc/arm-none-eabi/7.2.1/thumb/v6-m\libgcc.a(_udivsi3.o)
 .debug_frame   0x00000a74       0x28 c:/siliconlabs/simplicitystudio/v4/developer/toolchains/gnu_arm/7.2_2017q4/bin/../lib/gcc/arm-none-eabi/7.2.1/../../../../arm-none-eabi/lib/thumb/v6-m\libc_nano.a(lib_a-exit.o)
 .debug_frame   0x00000a9c       0x2c c:/siliconlabs/simplicitystudio/v4/developer/toolchains/gnu_arm/7.2_2017q4/bin/../lib/gcc/arm-none-eabi/7.2.1/../../../../arm-none-eabi/lib/thumb/v6-m\libc_nano.a(lib_a-init.o)
 .debug_frame   0x00000ac8       0x20 c:/siliconlabs/simplicitystudio/v4/developer/toolchains/gnu_arm/7.2_2017q4/bin/../lib/gcc/arm-none-eabi/7.2.1/../../../../arm-none-eabi/lib/thumb/v6-m\libc_nano.a(lib_a-memset.o)
 .debug_frame   0x00000ae8       0x20 c:/siliconlabs/simplicitystudio/v4/developer/toolchains/gnu_arm/7.2_2017q4/bin/../lib/gcc/arm-none-eabi/7.2.1/../../../../arm-none-eabi/lib/thumb/v6-m\libnosys.a(_exit.o)
