Archive member included to satisfy reference by file (symbol)

c:/siliconlabs/simplicitystudio/v4/developer/toolchains/gnu_arm/7.2_2017q4/bin/../lib/gcc/arm-none-eabi/7.2.1/thumb/v6-m\libgcc.a(_udivsi3.o)
                              ./CMSIS/EFM32HG/system_efm32hg.o (__aeabi_uidiv)
c:/siliconlabs/simplicitystudio/v4/developer/toolchains/gnu_arm/7.2_2017q4/bin/../lib/gcc/arm-none-eabi/7.2.1/thumb/v6-m\libgcc.a(_dvmd_tls.o)
                              c:/siliconlabs/simplicitystudio/v4/developer/toolchains/gnu_arm/7.2_2017q4/bin/../lib/gcc/arm-none-eabi/7.2.1/thumb/v6-m\libgcc.a(_udivsi3.o) (__aeabi_idiv0)
c:/siliconlabs/simplicitystudio/v4/developer/toolchains/gnu_arm/7.2_2017q4/bin/../lib/gcc/arm-none-eabi/7.2.1/thumb/v6-m\libgcc.a(_clzsi2.o)
                              ./emlib/em_cmu.o (__clzsi2)
c:/siliconlabs/simplicitystudio/v4/developer/toolchains/gnu_arm/7.2_2017q4/bin/../lib/gcc/arm-none-eabi/7.2.1/../../../../arm-none-eabi/lib/thumb/v6-m\libc_nano.a(lib_a-exit.o)
                              c:/siliconlabs/simplicitystudio/v4/developer/toolchains/gnu_arm/7.2_2017q4/bin/../lib/gcc/arm-none-eabi/7.2.1/../../../../arm-none-eabi/lib/thumb/v6-m/crt0.o (exit)
c:/siliconlabs/simplicitystudio/v4/developer/toolchains/gnu_arm/7.2_2017q4/bin/../lib/gcc/arm-none-eabi/7.2.1/../../../../arm-none-eabi/lib/thumb/v6-m\libc_nano.a(lib_a-impure.o)
                              c:/siliconlabs/simplicitystudio/v4/developer/toolchains/gnu_arm/7.2_2017q4/bin/../lib/gcc/arm-none-eabi/7.2.1/../../../../arm-none-eabi/lib/thumb/v6-m\libc_nano.a(lib_a-exit.o) (_global_impure_ptr)
c:/siliconlabs/simplicitystudio/v4/developer/toolchains/gnu_arm/7.2_2017q4/bin/../lib/gcc/arm-none-eabi/7.2.1/../../../../arm-none-eabi/lib/thumb/v6-m\libc_nano.a(lib_a-init.o)
                              c:/siliconlabs/simplicitystudio/v4/developer/toolchains/gnu_arm/7.2_2017q4/bin/../lib/gcc/arm-none-eabi/7.2.1/../../../../arm-none-eabi/lib/thumb/v6-m/crt0.o (__libc_init_array)
c:/siliconlabs/simplicitystudio/v4/developer/toolchains/gnu_arm/7.2_2017q4/bin/../lib/gcc/arm-none-eabi/7.2.1/../../../../arm-none-eabi/lib/thumb/v6-m\libc_nano.a(lib_a-memset.o)
                              c:/siliconlabs/simplicitystudio/v4/developer/toolchains/gnu_arm/7.2_2017q4/bin/../lib/gcc/arm-none-eabi/7.2.1/../../../../arm-none-eabi/lib/thumb/v6-m/crt0.o (memset)
c:/siliconlabs/simplicitystudio/v4/developer/toolchains/gnu_arm/7.2_2017q4/bin/../lib/gcc/arm-none-eabi/7.2.1/../../../../arm-none-eabi/lib/thumb/v6-m\libnosys.a(_exit.o)
                              c:/siliconlabs/simplicitystudio/v4/developer/toolchains/gnu_arm/7.2_2017q4/bin/../lib/gcc/arm-none-eabi/7.2.1/../../../../arm-none-eabi/lib/thumb/v6-m\libc_nano.a(lib_a-exit.o) (_exit)

Allocating common symbols
Common symbol       size              file

i2c_rxBufferIndex   0x1               ./src/main_zg_hg.o
i2c_rxInProgress    0x1               ./src/main_zg_hg.o
i2c_startTx         0x1               ./src/main_zg_hg.o
i2c_rxBuffer        0x1               ./src/main_zg_hg.o

Discarded input sections

 .text          0x00000000        0x0 c:/siliconlabs/simplicitystudio/v4/developer/toolchains/gnu_arm/7.2_2017q4/bin/../lib/gcc/arm-none-eabi/7.2.1/thumb/v6-m/crti.o
 .data          0x00000000        0x0 c:/siliconlabs/simplicitystudio/v4/developer/toolchains/gnu_arm/7.2_2017q4/bin/../lib/gcc/arm-none-eabi/7.2.1/thumb/v6-m/crti.o
 .bss           0x00000000        0x0 c:/siliconlabs/simplicitystudio/v4/developer/toolchains/gnu_arm/7.2_2017q4/bin/../lib/gcc/arm-none-eabi/7.2.1/thumb/v6-m/crti.o
 .data          0x00000000        0x4 c:/siliconlabs/simplicitystudio/v4/developer/toolchains/gnu_arm/7.2_2017q4/bin/../lib/gcc/arm-none-eabi/7.2.1/thumb/v6-m/crtbegin.o
 .data          0x00000000        0x0 c:/siliconlabs/simplicitystudio/v4/developer/toolchains/gnu_arm/7.2_2017q4/bin/../lib/gcc/arm-none-eabi/7.2.1/../../../../arm-none-eabi/lib/thumb/v6-m/crt0.o
 .bss           0x00000000        0x0 c:/siliconlabs/simplicitystudio/v4/developer/toolchains/gnu_arm/7.2_2017q4/bin/../lib/gcc/arm-none-eabi/7.2.1/../../../../arm-none-eabi/lib/thumb/v6-m/crt0.o
 .ARM.extab     0x00000000        0x0 c:/siliconlabs/simplicitystudio/v4/developer/toolchains/gnu_arm/7.2_2017q4/bin/../lib/gcc/arm-none-eabi/7.2.1/../../../../arm-none-eabi/lib/thumb/v6-m/crt0.o
 .data          0x00000000        0x0 ./CMSIS/EFM32HG/startup_efm32hg.o
 .bss           0x00000000        0x0 ./CMSIS/EFM32HG/startup_efm32hg.o
 .group         0x00000000        0xc ./CMSIS/EFM32HG/system_efm32hg.o
 .group         0x00000000        0xc ./CMSIS/EFM32HG/system_efm32hg.o
 .group         0x00000000        0xc ./CMSIS/EFM32HG/system_efm32hg.o
 .group         0x00000000        0xc ./CMSIS/EFM32HG/system_efm32hg.o
 .group         0x00000000        0xc ./CMSIS/EFM32HG/system_efm32hg.o
 .group         0x00000000        0xc ./CMSIS/EFM32HG/system_efm32hg.o
 .group         0x00000000        0xc ./CMSIS/EFM32HG/system_efm32hg.o
[...]
Memory Configuration

Name             Origin             Length             Attributes
FLASH            0x00000000         0x00010000         xr
RAM              0x20000000         0x00002000         xrw
*default*        0x00000000         0xffffffff

Linker script and memory map

LOAD c:/siliconlabs/simplicitystudio/v4/developer/toolchains/gnu_arm/7.2_2017q4/bin/../lib/gcc/arm-none-eabi/7.2.1/thumb/v6-m/crti.o
LOAD c:/siliconlabs/simplicitystudio/v4/developer/toolchains/gnu_arm/7.2_2017q4/bin/../lib/gcc/arm-none-eabi/7.2.1/thumb/v6-m/crtbegin.o
LOAD c:/siliconlabs/simplicitystudio/v4/developer/toolchains/gnu_arm/7.2_2017q4/bin/../lib/gcc/arm-none-eabi/7.2.1/../../../../arm-none-eabi/lib/thumb/v6-m/crt0.o
LOAD ./CMSIS/EFM32HG/startup_efm32hg.o
LOAD ./CMSIS/EFM32HG/system_efm32hg.o
LOAD ./emlib/em_cmu.o
LOAD ./emlib/em_core.o
LOAD ./emlib/em_emu.o
LOAD ./emlib/em_gpio.o
LOAD ./emlib/em_i2c.o
LOAD ./emlib/em_system.o
LOAD ./src/i2cspm.o
LOAD ./src/main_zg_hg.o
START GROUP
LOAD c:/siliconlabs/simplicitystudio/v4/developer/toolchains/gnu_arm/7.2_2017q4/bin/../lib/gcc/arm-none-eabi/7.2.1/thumb/v6-m\libgcc.a
LOAD c:/siliconlabs/simplicitystudio/v4/developer/toolchains/gnu_arm/7.2_2017q4/bin/../lib/gcc/arm-none-eabi/7.2.1/../../../../arm-none-eabi/lib/thumb/v6-m\libc_nano.a
LOAD c:/siliconlabs/simplicitystudio/v4/developer/toolchains/gnu_arm/7.2_2017q4/bin/../lib/gcc/arm-none-eabi/7.2.1/../../../../arm-none-eabi/lib/thumb/v6-m\libnosys.a
END GROUP
START GROUP
LOAD c:/siliconlabs/simplicitystudio/v4/developer/toolchains/gnu_arm/7.2_2017q4/bin/../lib/gcc/arm-none-eabi/7.2.1/thumb/v6-m\libgcc.a
LOAD c:/siliconlabs/simplicitystudio/v4/developer/toolchains/gnu_arm/7.2_2017q4/bin/../lib/gcc/arm-none-eabi/7.2.1/../../../../arm-none-eabi/lib/thumb/v6-m\libg_nano.a
LOAD c:/siliconlabs/simplicitystudio/v4/developer/toolchains/gnu_arm/7.2_2017q4/bin/../lib/gcc/arm-none-eabi/7.2.1/../../../../arm-none-eabi/lib/thumb/v6-m\libc_nano.a
END GROUP
START GROUP
LOAD c:/siliconlabs/simplicitystudio/v4/developer/toolchains/gnu_arm/7.2_2017q4/bin/../lib/gcc/arm-none-eabi/7.2.1/thumb/v6-m\libgcc.a
LOAD c:/siliconlabs/simplicitystudio/v4/developer/toolchains/gnu_arm/7.2_2017q4/bin/../lib/gcc/arm-none-eabi/7.2.1/../../../../arm-none-eabi/lib/thumb/v6-m\libc_nano.a
END GROUP
LOAD c:/siliconlabs/simplicitystudio/v4/developer/toolchains/gnu_arm/7.2_2017q4/bin/../lib/gcc/arm-none-eabi/7.2.1/thumb/v6-m/crtend.o
LOAD c:/siliconlabs/simplicitystudio/v4/developer/toolchains/gnu_arm/7.2_2017q4/bin/../lib/gcc/arm-none-eabi/7.2.1/thumb/v6-m/crtn.o

.text           0x00000000     0x1798
 *(.vectors)
 .vectors       0x00000000       0x94 ./CMSIS/EFM32HG/startup_efm32hg.o
                0x00000000                __Vectors
                0x00000094                __Vectors_End = .
                0x00000094                __Vectors_Size = (__Vectors_End - __Vectors)
                0x00000094                __end__ = .
 *(.text*)
 .text          0x00000094       0x48 c:/siliconlabs/simplicitystudio/v4/developer/toolchains/gnu_arm/7.2_2017q4/bin/../lib/gcc/arm-none-eabi/7.2.1/thumb/v6-m/crtbegin.o
 .text          0x000000dc       0x78 c:/siliconlabs/simplicitystudio/v4/developer/toolchains/gnu_arm/7.2_2017q4/bin/../lib/gcc/arm-none-eabi/7.2.1/../../../../arm-none-eabi/lib/thumb/v6-m/crt0.o
                0x000000dc                _start
                0x000000dc                _mainCRTStartup
 .text          0x00000154       0x30 ./CMSIS/EFM32HG/startup_efm32hg.o
                0x00000154                Reset_Handler
                0x00000180                USART0_TX_IRQHandler
                0x00000180                HardFault_Handler
                0x00000180                USART1_RX_IRQHandler
                0x00000180                PendSV_Handler
                0x00000180                NMI_Handler
                0x00000180                USART1_TX_IRQHandler
                0x00000180                MSC_IRQHandler
                0x00000180                ADC0_IRQHandler
                0x00000180                LEUART0_IRQHandler
                0x00000180                RTC_IRQHandler
                0x00000180                TIMER0_IRQHandler
                0x00000180                TIMER2_IRQHandler
                0x00000180                TIMER1_IRQHandler
                0x00000180                Default_Handler
                0x00000180                PCNT0_IRQHandler
                0x00000180                sl_app_properties
                0x00000180                USB_IRQHandler
                0x00000180                ACMP0_IRQHandler
                0x00000180                USART0_RX_IRQHandler
                0x00000180                SVC_Handler
                0x00000180                CMU_IRQHandler
                0x00000180                AES_IRQHandler
                0x00000180                VCMP_IRQHandler
                0x00000180                DMA_IRQHandler
 .text.SystemMaxCoreClockGet
                0x00000184        0x8 ./CMSIS/EFM32HG/system_efm32hg.o
                0x00000184                SystemMaxCoreClockGet
 .text.SystemHFClockGet
                0x0000018c       0xc0 ./CMSIS/EFM32HG/system_efm32hg.o
                0x0000018c                SystemHFClockGet
 .text.SystemCoreClockGet
                0x0000024c       0x20 ./CMSIS/EFM32HG/system_efm32hg.o
                0x0000024c                SystemCoreClockGet
 .text.SystemInit
                0x0000026c       0x10 ./CMSIS/EFM32HG/system_efm32hg.o
                0x0000026c                SystemInit
 .text.SystemLFRCOClockGet
                0x0000027c        0x8 ./CMSIS/EFM32HG/system_efm32hg.o
                0x0000027c                SystemLFRCOClockGet
 .text.SystemULFRCOClockGet
                0x00000284        0x8 ./CMSIS/EFM32HG/system_efm32hg.o
                0x00000284                SystemULFRCOClockGet
 .text.SystemLFXOClockGet
                0x0000028c        0xc ./CMSIS/EFM32HG/system_efm32hg.o
                0x0000028c                SystemLFXOClockGet
 .text.flashWaitStateMax
                0x00000298       0x4c ./emlib/em_cmu.o
 .text.auxClkGet
                0x000002e4       0x90 ./emlib/em_cmu.o
 .text.CMU_ClockDivGet
                0x00000374       0x84 ./emlib/em_cmu.o
                0x00000374                CMU_ClockDivGet
 .text.CMU_ClockEnable
                0x000003f8       0x94 ./emlib/em_cmu.o
                0x000003f8                CMU_ClockEnable
 .text.CMU_ClockSelectGet
                0x0000048c       0xf4 ./emlib/em_cmu.o
                0x0000048c                CMU_ClockSelectGet
 .text.lfClkGet
                0x00000580       0x84 ./emlib/em_cmu.o
 .text.CMU_ClockFreqGet
                0x00000604      0x124 ./emlib/em_cmu.o
                0x00000604                CMU_ClockFreqGet
 .text.CMU_OscillatorEnable
                0x00000728       0x70 ./emlib/em_cmu.o
                0x00000728                CMU_OscillatorEnable
 .text.CMU_ClockSelectSet
                0x00000798      0x1ec ./emlib/em_cmu.o
                0x00000798                CMU_ClockSelectSet
 .text.CORE_EnterCritical
                0x00000984        0x8 ./emlib/em_core.o
                0x00000984                CORE_EnterCritical
 .text.CORE_ExitCritical
                0x0000098c        0x8 ./emlib/em_core.o
                0x0000098c                CORE_ExitCritical
 .text.emState.part.0
                0x00000994       0x24 ./emlib/em_emu.o
 .text.emState.constprop.2
                0x000009b8       0x5c ./emlib/em_emu.o
 .text.EMU_EM23PresleepHook
                0x00000a14        0x4 ./emlib/em_emu.o
                0x00000a14                EMU_EM23PresleepHook
 .text.EMU_EM23PostsleepHook
                0x00000a18        0x4 ./emlib/em_emu.o
                0x00000a18                EMU_EM23PostsleepHook
 .text.EMU_EnterEM2
                0x00000a1c       0x84 ./emlib/em_emu.o
                0x00000a1c                EMU_EnterEM2
 .text.GPIO_ExtIntConfig
                0x00000aa0       0x9c ./emlib/em_gpio.o
                0x00000aa0                GPIO_ExtIntConfig
 .text.GPIO_PinModeSet
                0x00000b3c       0x98 ./emlib/em_gpio.o
                0x00000b3c                GPIO_PinModeSet
 .text.I2C_BusFreqSet.part.0
                0x00000bd4       0x70 ./emlib/em_i2c.o
 .text.I2C_Init
                0x00000c44       0x40 ./emlib/em_i2c.o
                0x00000c44                I2C_Init
 .text.I2C_Transfer
                0x00000c84      0x320 ./emlib/em_i2c.o
                0x00000c84                I2C_Transfer
 .text.I2C_TransferInit
                0x00000fa4       0x78 ./emlib/em_i2c.o
                0x00000fa4                I2C_TransferInit
 .text.I2CSPM_Transfer
                0x0000101c       0x28 ./src/i2cspm.o
                0x0000101c                I2CSPM_Transfer
 .text.initCMU  0x00001044       0x34 ./src/main_zg_hg.o
                0x00001044                initCMU
 .text.initGPIO
                0x00001078       0x54 ./src/main_zg_hg.o
                0x00001078                initGPIO
 .text.initI2C  0x000010cc       0x9c ./src/main_zg_hg.o
                0x000010cc                initI2C
 .text.writeRegister
                0x00001168       0x38 ./src/main_zg_hg.o
                0x00001168                writeRegister
 .text.writeNoData
                0x000011a0       0x4c ./src/main_zg_hg.o
                0x000011a0                writeNoData
 .text.readMailbox
                0x000011ec       0x44 ./src/main_zg_hg.o
                0x000011ec                readMailbox
 .text.I2C0_IRQHandler
                0x00001230       0x58 ./src/main_zg_hg.o
                0x00001230                I2C0_IRQHandler
 .text.GPIO_EVEN_IRQHandler
                0x00001288       0x58 ./src/main_zg_hg.o
                0x00001288                GPIO_EVEN_IRQHandler
 .text.GPIO_ODD_IRQHandler
                0x000012e0        0x8 ./src/main_zg_hg.o
                0x000012e0                GPIO_ODD_IRQHandler
 .text.SysTick_Handler
                0x000012e8       0x10 ./src/main_zg_hg.o
                0x000012e8                SysTick_Handler
 .text.startup.main
                0x000012f8      0x174 ./src/main_zg_hg.o
                0x000012f8                main
 .text          0x0000146c      0x114 c:/siliconlabs/simplicitystudio/v4/developer/toolchains/gnu_arm/7.2_2017q4/bin/../lib/gcc/arm-none-eabi/7.2.1/thumb/v6-m\libgcc.a(_udivsi3.o)
                0x0000146c                __aeabi_uidiv
                0x0000146c                __udivsi3
                0x00001578                __aeabi_uidivmod
 .text          0x00001580        0x4 c:/siliconlabs/simplicitystudio/v4/developer/toolchains/gnu_arm/7.2_2017q4/bin/../lib/gcc/arm-none-eabi/7.2.1/thumb/v6-m\libgcc.a(_dvmd_tls.o)
                0x00001580                __aeabi_idiv0
                0x00001580                __aeabi_ldiv0
 .text.exit     0x00001584       0x2c c:/siliconlabs/simplicitystudio/v4/developer/toolchains/gnu_arm/7.2_2017q4/bin/../lib/gcc/arm-none-eabi/7.2.1/../../../../arm-none-eabi/lib/thumb/v6-m\libc_nano.a(lib_a-exit.o)
                0x00001584                exit
 .text.__libc_init_array
                0x000015b0       0x48 c:/siliconlabs/simplicitystudio/v4/developer/toolchains/gnu_arm/7.2_2017q4/bin/../lib/gcc/arm-none-eabi/7.2.1/../../../../arm-none-eabi/lib/thumb/v6-m\libc_nano.a(lib_a-init.o)
                0x000015b0                __libc_init_array
 .text.memset   0x000015f8       0x10 c:/siliconlabs/simplicitystudio/v4/developer/toolchains/gnu_arm/7.2_2017q4/bin/../lib/gcc/arm-none-eabi/7.2.1/../../../../arm-none-eabi/lib/thumb/v6-m\libc_nano.a(lib_a-memset.o)
                0x000015f8                memset
 .text._exit    0x00001608        0x4 c:/siliconlabs/simplicitystudio/v4/developer/toolchains/gnu_arm/7.2_2017q4/bin/../lib/gcc/arm-none-eabi/7.2.1/../../../../arm-none-eabi/lib/thumb/v6-m\libnosys.a(_exit.o)
                0x00001608                _exit
 *(.init)
 .init          0x0000160c        0x4 c:/siliconlabs/simplicitystudio/v4/developer/toolchains/gnu_arm/7.2_2017q4/bin/../lib/gcc/arm-none-eabi/7.2.1/thumb/v6-m/crti.o
                0x0000160c                _init
 .init          0x00001610        0x8 c:/siliconlabs/simplicitystudio/v4/developer/toolchains/gnu_arm/7.2_2017q4/bin/../lib/gcc/arm-none-eabi/7.2.1/thumb/v6-m/crtn.o
 *(.fini)
 .fini          0x00001618        0x4 c:/siliconlabs/simplicitystudio/v4/developer/toolchains/gnu_arm/7.2_2017q4/bin/../lib/gcc/arm-none-eabi/7.2.1/thumb/v6-m/crti.o
                0x00001618                _fini
 .fini          0x0000161c        0x8 c:/siliconlabs/simplicitystudio/v4/developer/toolchains/gnu_arm/7.2_2017q4/bin/../lib/gcc/arm-none-eabi/7.2.1/thumb/v6-m/crtn.o
 *fill*         0x00001624        0x4 
 .fini.__stub   0x00001628       0x10 linker stubs
 *crtbegin.o(.ctors)
 *crtbegin?.o(.ctors)
 *(EXCLUDE_FILE(*crtend.o *crtend?.o) .ctors)
 *(SORT_BY_NAME(.ctors.*))
 *(.ctors)
 *crtbegin.o(.dtors)
 *crtbegin?.o(.dtors)
 *(EXCLUDE_FILE(*crtend.o *crtend?.o) .dtors)
 *(SORT_BY_NAME(.dtors.*))
 *(.dtors)
 *(.rodata*)
 .rodata.CMU_ClockDivGet
                0x00001638       0x38 ./emlib/em_cmu.o
 .rodata.CMU_ClockEnable
                0x00001670       0x2c ./emlib/em_cmu.o
 .rodata.CMU_ClockSelectGet
                0x0000169c       0x20 ./emlib/em_cmu.o
 .rodata.CMU_OscillatorEnable
                0x000016bc       0x18 ./emlib/em_cmu.o
 .rodata.CMU_ClockSelectSet
                0x000016d4       0x84 ./emlib/em_cmu.o
 .rodata.I2C_Transfer
                0x00001758       0x24 ./emlib/em_i2c.o
 .rodata.i2cNSum
                0x0000177c        0x4 ./emlib/em_i2c.o
 .rodata        0x00001780       0x10 ./src/main_zg_hg.o
 .rodata._global_impure_ptr
                0x00001790        0x4 c:/siliconlabs/simplicitystudio/v4/developer/toolchains/gnu_arm/7.2_2017q4/bin/../lib/gcc/arm-none-eabi/7.2.1/../../../../arm-none-eabi/lib/thumb/v6-m\libc_nano.a(lib_a-impure.o)
                0x00001790                _global_impure_ptr
 *(.eh_frame*)
 .eh_frame      0x00001794        0x0 c:/siliconlabs/simplicitystudio/v4/developer/toolchains/gnu_arm/7.2_2017q4/bin/../lib/gcc/arm-none-eabi/7.2.1/thumb/v6-m/crtbegin.o
 .eh_frame      0x00001794        0x4 c:/siliconlabs/simplicitystudio/v4/developer/toolchains/gnu_arm/7.2_2017q4/bin/../lib/gcc/arm-none-eabi/7.2.1/thumb/v6-m/crtend.o

.glue_7         0x00001798        0x0
 .glue_7        0x00001798        0x0 linker stubs

.glue_7t        0x00001798        0x0
 .glue_7t       0x00001798        0x0 linker stubs

.vfp11_veneer   0x00001798        0x0
 .vfp11_veneer  0x00001798        0x0 linker stubs

.v4_bx          0x00001798        0x0
 .v4_bx         0x00001798        0x0 linker stubs

.iplt           0x00001798        0x0
 .iplt          0x00001798        0x0 c:/siliconlabs/simplicitystudio/v4/developer/toolchains/gnu_arm/7.2_2017q4/bin/../lib/gcc/arm-none-eabi/7.2.1/thumb/v6-m/crtbegin.o

.ARM.extab
 *(.ARM.extab* .gnu.linkonce.armextab.*)
                0x00001798                __exidx_start = .

.ARM.exidx      0x00001798        0x8
 *(.ARM.exidx* .gnu.linkonce.armexidx.*)
 .ARM.exidx     0x00001798        0x8 c:/siliconlabs/simplicitystudio/v4/developer/toolchains/gnu_arm/7.2_2017q4/bin/../lib/gcc/arm-none-eabi/7.2.1/../../../../arm-none-eabi/lib/thumb/v6-m/crt0.o
                0x000017a0                __exidx_end = .
                0x000017a0                __etext = .

.rel.dyn        0x000017a0        0x0
 .rel.iplt      0x000017a0        0x0 c:/siliconlabs/simplicitystudio/v4/developer/toolchains/gnu_arm/7.2_2017q4/bin/../lib/gcc/arm-none-eabi/7.2.1/thumb/v6-m/crtbegin.o

.data           0x20000000       0x80 load address 0x000017a0
                0x20000000                __data_start__ = .
 *(vtable)
 *(.data*)
 .data.SystemCoreClock
                0x20000000        0x4 ./CMSIS/EFM32HG/system_efm32hg.o
                0x20000000                SystemCoreClock
 .data.SystemHFXOClock
                0x20000004        0x4 ./CMSIS/EFM32HG/system_efm32hg.o
 .data.SystemLFXOClock
                0x20000008        0x4 ./CMSIS/EFM32HG/system_efm32hg.o
 .data.ushfrcoFreq
                0x2000000c        0x4 ./emlib/em_cmu.o
 .data.impure_data
                0x20000010       0x60 c:/siliconlabs/simplicitystudio/v4/developer/toolchains/gnu_arm/7.2_2017q4/bin/../lib/gcc/arm-none-eabi/7.2.1/../../../../arm-none-eabi/lib/thumb/v6-m\libc_nano.a(lib_a-impure.o)
                0x20000070                . = ALIGN (0x4)
                [!provide]                PROVIDE (__ram_func_section_start, .)
 *(.ram)
 .ram           0x20000070        0x8 ./emlib/em_emu.o
                [!provide]                PROVIDE (__ram_func_section_end, .)
                0x20000078                . = ALIGN (0x4)
                0x20000078                PROVIDE (__preinit_array_start, .)
 *(.preinit_array)
                0x20000078                PROVIDE (__preinit_array_end, .)
                0x20000078                . = ALIGN (0x4)
                0x20000078                PROVIDE (__init_array_start, .)
 *(SORT_BY_NAME(.init_array.*))
 *(.init_array)
 .init_array    0x20000078        0x4 c:/siliconlabs/simplicitystudio/v4/developer/toolchains/gnu_arm/7.2_2017q4/bin/../lib/gcc/arm-none-eabi/7.2.1/thumb/v6-m/crtbegin.o
                0x2000007c                PROVIDE (__init_array_end, .)
                0x2000007c                . = ALIGN (0x4)
                [!provide]                PROVIDE (__fini_array_start, .)
 *(SORT_BY_NAME(.fini_array.*))
 *(.fini_array)
 .fini_array    0x2000007c        0x4 c:/siliconlabs/simplicitystudio/v4/developer/toolchains/gnu_arm/7.2_2017q4/bin/../lib/gcc/arm-none-eabi/7.2.1/thumb/v6-m/crtbegin.o
                [!provide]                PROVIDE (__fini_array_end, .)
 *(.jcr*)
                0x20000080                . = ALIGN (0x4)
                0x20000080                __data_end__ = .

.igot.plt       0x20000080        0x0 load address 0x00001820
 .igot.plt      0x20000080        0x0 c:/siliconlabs/simplicitystudio/v4/developer/toolchains/gnu_arm/7.2_2017q4/bin/../lib/gcc/arm-none-eabi/7.2.1/thumb/v6-m/crtbegin.o

.bss            0x20000080       0x3c load address 0x00001820
                0x20000080                . = ALIGN (0x4)
                0x20000080                __bss_start__ = .
 *(.bss*)
 .bss           0x20000080       0x1c c:/siliconlabs/simplicitystudio/v4/developer/toolchains/gnu_arm/7.2_2017q4/bin/../lib/gcc/arm-none-eabi/7.2.1/thumb/v6-m/crtbegin.o
 .bss.cmuStatus.8371
                0x2000009c        0x4 ./emlib/em_emu.o
 .bss.hfClock.8372
                0x200000a0        0x1 ./emlib/em_emu.o
 *fill*         0x200000a1        0x3 
 .bss.i2cTransfer
                0x200000a4        0xc ./emlib/em_i2c.o
 .bss.msTicks   0x200000b0        0x4 ./src/main_zg_hg.o
 *(COMMON)
 COMMON         0x200000b4        0x5 ./src/main_zg_hg.o
                0x200000b4                i2c_rxBufferIndex
                0x200000b5                i2c_rxInProgress
                0x200000b6                i2c_startTx
                0x200000b8                i2c_rxBuffer
                0x200000bc                . = ALIGN (0x4)
 *fill*         0x200000b9        0x3 
                0x200000bc                __bss_end__ = .

.heap           0x200000c0      0x400
                0x200000c0                __HeapBase = .
                0x200000c0                __end__ = .
                0x200000c0                end = __end__
                0x200000c0                _end = __end__
 *(.heap*)
 .heap          0x200000c0      0x400 ./CMSIS/EFM32HG/startup_efm32hg.o
                0x200004c0                __HeapLimit = .

.stack_dummy    0x200000c0      0x400
 *(.stack*)
 .stack         0x200000c0      0x400 ./CMSIS/EFM32HG/startup_efm32hg.o
                0x20002000                __StackTop = (ORIGIN (RAM) + LENGTH (RAM))
                0x20001c00                __StackLimit = (__StackTop - SIZEOF (.stack_dummy))
                0x20002000                PROVIDE (__stack, __StackTop)
                0x00000001                ASSERT ((__StackLimit >= __HeapLimit), region RAM overflowed with stack)
                0x00000001                ASSERT ((LENGTH (FLASH) >= (__etext + SIZEOF (.data))), FLASH memory overflowed !)
OUTPUT(SLSTK3400A_EFM32HG_i2c_2.axf elf32-littlearm)

.ARM.attributes
                0x00000000       0x28
 .ARM.attributes
                0x00000000       0x1e c:/siliconlabs/simplicitystudio/v4/developer/toolchains/gnu_arm/7.2_2017q4/bin/../lib/gcc/arm-none-eabi/7.2.1/thumb/v6-m/crti.o
 .ARM.attributes
                0x0000001e       0x2c c:/siliconlabs/simplicitystudio/v4/developer/toolchains/gnu_arm/7.2_2017q4/bin/../lib/gcc/arm-none-eabi/7.2.1/thumb/v6-m/crtbegin.o
 .ARM.attributes
                0x0000004a       0x1b c:/siliconlabs/simplicitystudio/v4/developer/toolchains/gnu_arm/7.2_2017q4/bin/../lib/gcc/arm-none-eabi/7.2.1/../../../../arm-none-eabi/lib/thumb/v6-m/crt0.o
 .ARM.attributes
                0x00000065       0x1b ./CMSIS/EFM32HG/startup_efm32hg.o
 .ARM.attributes
                0x00000080       0x32 ./CMSIS/EFM32HG/system_efm32hg.o
 .ARM.attributes
                0x000000b2       0x32 ./emlib/em_cmu.o
 .ARM.attributes
                0x000000e4       0x32 ./emlib/em_core.o
 .ARM.attributes
                0x00000116       0x32 ./emlib/em_emu.o
 .ARM.attributes
                0x00000148       0x32 ./emlib/em_gpio.o
 .ARM.attributes
                0x0000017a       0x32 ./emlib/em_i2c.o
 .ARM.attributes
                0x000001ac       0x32 ./src/i2cspm.o
 .ARM.attributes
                0x000001de       0x32 ./src/main_zg_hg.o
 .ARM.attributes
                0x00000210       0x1e c:/siliconlabs/simplicitystudio/v4/developer/toolchains/gnu_arm/7.2_2017q4/bin/../lib/gcc/arm-none-eabi/7.2.1/thumb/v6-m\libgcc.a(_udivsi3.o)
 .ARM.attributes
                0x0000022e       0x1e c:/siliconlabs/simplicitystudio/v4/developer/toolchains/gnu_arm/7.2_2017q4/bin/../lib/gcc/arm-none-eabi/7.2.1/thumb/v6-m\libgcc.a(_dvmd_tls.o)
 .ARM.attributes
                0x0000024c       0x2c c:/siliconlabs/simplicitystudio/v4/developer/toolchains/gnu_arm/7.2_2017q4/bin/../lib/gcc/arm-none-eabi/7.2.1/../../../../arm-none-eabi/lib/thumb/v6-m\libc_nano.a(lib_a-exit.o)
 .ARM.attributes
                0x00000278       0x2c c:/siliconlabs/simplicitystudio/v4/developer/toolchains/gnu_arm/7.2_2017q4/bin/../lib/gcc/arm-none-eabi/7.2.1/../../../../arm-none-eabi/lib/thumb/v6-m\libc_nano.a(lib_a-impure.o)
 .ARM.attributes
                0x000002a4       0x2c c:/siliconlabs/simplicitystudio/v4/developer/toolchains/gnu_arm/7.2_2017q4/bin/../lib/gcc/arm-none-eabi/7.2.1/../../../../arm-none-eabi/lib/thumb/v6-m\libc_nano.a(lib_a-init.o)
 .ARM.attributes
                0x000002d0       0x2c c:/siliconlabs/simplicitystudio/v4/developer/toolchains/gnu_arm/7.2_2017q4/bin/../lib/gcc/arm-none-eabi/7.2.1/../../../../arm-none-eabi/lib/thumb/v6-m\libc_nano.a(lib_a-memset.o)
 .ARM.attributes
                0x000002fc       0x2c c:/siliconlabs/simplicitystudio/v4/developer/toolchains/gnu_arm/7.2_2017q4/bin/../lib/gcc/arm-none-eabi/7.2.1/../../../../arm-none-eabi/lib/thumb/v6-m\libnosys.a(_exit.o)
 .ARM.attributes
                0x00000328       0x2c c:/siliconlabs/simplicitystudio/v4/developer/toolchains/gnu_arm/7.2_2017q4/bin/../lib/gcc/arm-none-eabi/7.2.1/thumb/v6-m/crtend.o
 .ARM.attributes
                0x00000354       0x1e c:/siliconlabs/simplicitystudio/v4/developer/toolchains/gnu_arm/7.2_2017q4/bin/../lib/gcc/arm-none-eabi/7.2.1/thumb/v6-m/crtn.o

.comment        0x00000000       0x7e
 .comment       0x00000000       0x7e ./CMSIS/EFM32HG/system_efm32hg.o
                                 0x7f (size before relaxing)
 .comment       0x0000007e       0x7f ./emlib/em_cmu.o
 .comment       0x0000007e       0x7f ./emlib/em_core.o
 .comment       0x0000007e       0x7f ./emlib/em_emu.o
 .comment       0x0000007e       0x7f ./emlib/em_gpio.o
 .comment       0x0000007e       0x7f ./emlib/em_i2c.o
 .comment       0x0000007e       0x7f ./src/i2cspm.o
 .comment       0x0000007e       0x7f ./src/main_zg_hg.o

.debug_line     0x00000000     0x5b11
 .debug_line    0x00000000       0xd5 ./CMSIS/EFM32HG/startup_efm32hg.o
 .debug_line    0x000000d5      0x868 ./CMSIS/EFM32HG/system_efm32hg.o
 .debug_line    0x0000093d     0x1216 ./emlib/em_cmu.o
 .debug_line    0x00001b53      0xa1b ./emlib/em_core.o
 .debug_line    0x0000256e      0xad0 ./emlib/em_emu.o
 .debug_line    0x0000303e      0x923 ./emlib/em_gpio.o
 .debug_line    0x00003961      0xbaf ./emlib/em_i2c.o
 .debug_line    0x00004510      0x904 ./src/i2cspm.o
 .debug_line    0x00004e14      0xcfd ./src/main_zg_hg.o

.debug_info     0x00000000     0xc048
 .debug_info    0x00000000       0x26 ./CMSIS/EFM32HG/startup_efm32hg.o
 .debug_info    0x00000026      0xeeb ./CMSIS/EFM32HG/system_efm32hg.o
 .debug_info    0x00000f11     0x284a ./emlib/em_cmu.o
 .debug_info    0x0000375b     0x1453 ./emlib/em_core.o
 .debug_info    0x00004bae     0x167e ./emlib/em_emu.o
 .debug_info    0x0000622c     0x1180 ./emlib/em_gpio.o
 .debug_info    0x000073ac     0x15c4 ./emlib/em_i2c.o
 .debug_info    0x00008970     0x12c5 ./src/i2cspm.o
 .debug_info    0x00009c35     0x2413 ./src/main_zg_hg.o

.debug_abbrev   0x00000000     0x1f5c
 .debug_abbrev  0x00000000       0x14 ./CMSIS/EFM32HG/startup_efm32hg.o
 .debug_abbrev  0x00000014      0x2b2 ./CMSIS/EFM32HG/system_efm32hg.o
 .debug_abbrev  0x000002c6      0x4b7 ./emlib/em_cmu.o
 .debug_abbrev  0x0000077d      0x3e9 ./emlib/em_core.o
 .debug_abbrev  0x00000b66      0x416 ./emlib/em_emu.o
 .debug_abbrev  0x00000f7c      0x378 ./emlib/em_gpio.o
 .debug_abbrev  0x000012f4      0x436 ./emlib/em_i2c.o
 .debug_abbrev  0x0000172a      0x2ed ./src/i2cspm.o
 .debug_abbrev  0x00001a17      0x545 ./src/main_zg_hg.o

.debug_aranges  0x00000000      0x420
 .debug_aranges
                0x00000000       0x20 ./CMSIS/EFM32HG/startup_efm32hg.o
 .debug_aranges
                0x00000020       0x68 ./CMSIS/EFM32HG/system_efm32hg.o
 .debug_aranges
                0x00000088      0x118 ./emlib/em_cmu.o
 .debug_aranges
                0x000001a0       0xb8 ./emlib/em_core.o
 .debug_aranges
                0x00000258       0x80 ./emlib/em_emu.o
 .debug_aranges
                0x000002d8       0x48 ./emlib/em_gpio.o
 .debug_aranges
                0x00000320       0x58 ./emlib/em_i2c.o
 .debug_aranges
                0x00000378       0x28 ./src/i2cspm.o
 .debug_aranges
                0x000003a0       0x80 ./src/main_zg_hg.o

.debug_str      0x00000000    0x7c18b
 .debug_str     0x00000000       0xf4 ./CMSIS/EFM32HG/startup_efm32hg.o
 .debug_str     0x000000f4    0x76a25 ./CMSIS/EFM32HG/system_efm32hg.o
                              0x76cf6 (size before relaxing)
 .debug_str     0x00076b19     0x22ff ./emlib/em_cmu.o
                              0x78ef1 (size before relaxing)
 .debug_str     0x00078e18      0xb44 ./emlib/em_core.o
                              0x77858 (size before relaxing)
 .debug_str     0x0007995c      0x4af ./emlib/em_emu.o
                              0x7912c (size before relaxing)
 .debug_str     0x00079e0b      0x49d ./emlib/em_gpio.o
                              0x775b4 (size before relaxing)
 .debug_str     0x0007a2a8      0x558 ./emlib/em_i2c.o
                              0x78946 (size before relaxing)
 .debug_str     0x0007a800      0x162 ./src/i2cspm.o
                              0x78741 (size before relaxing)
 .debug_str     0x0007a962     0x1829 ./src/main_zg_hg.o
                              0x7a316 (size before relaxing)

.debug_loc      0x00000000     0x460f
 .debug_loc     0x00000000      0x127 ./CMSIS/EFM32HG/system_efm32hg.o
 .debug_loc     0x00000127     0x222d ./emlib/em_cmu.o
 .debug_loc     0x00002354      0x5e4 ./emlib/em_core.o
 .debug_loc     0x00002938      0x2ec ./emlib/em_emu.o
 .debug_loc     0x00002c24      0x5ee ./emlib/em_gpio.o
 .debug_loc     0x00003212      0xb2a ./emlib/em_i2c.o
 .debug_loc     0x00003d3c      0x186 ./src/i2cspm.o
 .debug_loc     0x00003ec2      0x74d ./src/main_zg_hg.o

.debug_ranges   0x00000000      0xb40
 .debug_ranges  0x00000000       0x58 ./CMSIS/EFM32HG/system_efm32hg.o
 .debug_ranges  0x00000058      0x450 ./emlib/em_cmu.o
 .debug_ranges  0x000004a8      0x168 ./emlib/em_core.o
 .debug_ranges  0x00000610       0xb8 ./emlib/em_emu.o
 .debug_ranges  0x000006c8      0x128 ./emlib/em_gpio.o
 .debug_ranges  0x000007f0      0x130 ./emlib/em_i2c.o
 .debug_ranges  0x00000920       0x60 ./src/i2cspm.o
 .debug_ranges  0x00000980      0x1c0 ./src/main_zg_hg.o

.debug_macro    0x00000000    0x167a9
 .debug_macro   0x00000000      0x302 ./CMSIS/EFM32HG/system_efm32hg.o
 .debug_macro   0x00000302      0xa3c ./CMSIS/EFM32HG/system_efm32hg.o
 .debug_macro   0x00000d3e       0x22 ./CMSIS/EFM32HG/system_efm32hg.o
 .debug_macro   0x00000d60       0x4f ./CMSIS/EFM32HG/system_efm32hg.o
 .debug_macro   0x00000daf       0x51 ./CMSIS/EFM32HG/system_efm32hg.o
 .debug_macro   0x00000e00       0xef ./CMSIS/EFM32HG/system_efm32hg.o
 .debug_macro   0x00000eef       0x6a ./CMSIS/EFM32HG/system_efm32hg.o
 .debug_macro   0x00000f59      0x1df ./CMSIS/EFM32HG/system_efm32hg.o
 .debug_macro   0x00001138      0x317 ./CMSIS/EFM32HG/system_efm32hg.o
 .debug_macro   0x0000144f       0x12 ./CMSIS/EFM32HG/system_efm32hg.o
 .debug_macro   0x00001461       0x1c ./CMSIS/EFM32HG/system_efm32hg.o
 .debug_macro   0x0000147d       0x22 ./CMSIS/EFM32HG/system_efm32hg.o
 .debug_macro   0x0000149f       0xb5 ./CMSIS/EFM32HG/system_efm32hg.o
 .debug_macro   0x00001554       0x12 ./CMSIS/EFM32HG/system_efm32hg.o
 .debug_macro   0x00001566       0x58 ./CMSIS/EFM32HG/system_efm32hg.o
 .debug_macro   0x000015be       0x17 ./CMSIS/EFM32HG/system_efm32hg.o
 .debug_macro   0x000015d5       0x35 ./CMSIS/EFM32HG/system_efm32hg.o
 .debug_macro   0x0000160a       0x9c ./CMSIS/EFM32HG/system_efm32hg.o
 .debug_macro   0x000016a6      0x16d ./CMSIS/EFM32HG/system_efm32hg.o
 .debug_macro   0x00001813       0x58 ./CMSIS/EFM32HG/system_efm32hg.o
 .debug_macro   0x0000186b       0x1f ./CMSIS/EFM32HG/system_efm32hg.o
 .debug_macro   0x0000188a       0x43 ./CMSIS/EFM32HG/system_efm32hg.o
 .debug_macro   0x000018cd       0x20 ./CMSIS/EFM32HG/system_efm32hg.o
 .debug_macro   0x000018ed      0x18e ./CMSIS/EFM32HG/system_efm32hg.o
 .debug_macro   0x00001a7b      0x34d ./CMSIS/EFM32HG/system_efm32hg.o
 .debug_macro   0x00001dc8       0x10 ./CMSIS/EFM32HG/system_efm32hg.o
 .debug_macro   0x00001dd8       0x35 ./CMSIS/EFM32HG/system_efm32hg.o
 .debug_macro   0x00001e0d       0xde ./CMSIS/EFM32HG/system_efm32hg.o
 .debug_macro   0x00001eeb       0xe4 ./CMSIS/EFM32HG/system_efm32hg.o
 .debug_macro   0x00001fcf      0x37c ./CMSIS/EFM32HG/system_efm32hg.o
 .debug_macro   0x0000234b      0x2b0 ./CMSIS/EFM32HG/system_efm32hg.o
 .debug_macro   0x000025fb     0x14a5 ./CMSIS/EFM32HG/system_efm32hg.o
 .debug_macro   0x00003aa0     0x2af9 ./CMSIS/EFM32HG/system_efm32hg.o
 .debug_macro   0x00006599      0x82d ./CMSIS/EFM32HG/system_efm32hg.o
 .debug_macro   0x00006dc6       0xfa ./CMSIS/EFM32HG/system_efm32hg.o
 .debug_macro   0x00006ec0      0x1b3 ./CMSIS/EFM32HG/system_efm32hg.o
 .debug_macro   0x00007073     0x1c99 ./CMSIS/EFM32HG/system_efm32hg.o
 .debug_macro   0x00008d0c     0x16ae ./CMSIS/EFM32HG/system_efm32hg.o
 .debug_macro   0x0000a3ba      0x6ca ./CMSIS/EFM32HG/system_efm32hg.o
 .debug_macro   0x0000aa84     0x1bda ./CMSIS/EFM32HG/system_efm32hg.o
 .debug_macro   0x0000c65e      0x79f ./CMSIS/EFM32HG/system_efm32hg.o
 .debug_macro   0x0000cdfd      0x229 ./CMSIS/EFM32HG/system_efm32hg.o
 .debug_macro   0x0000d026     0x1c09 ./CMSIS/EFM32HG/system_efm32hg.o
 .debug_macro   0x0000ec2f      0x33d ./CMSIS/EFM32HG/system_efm32hg.o
 .debug_macro   0x0000ef6c      0xf1c ./CMSIS/EFM32HG/system_efm32hg.o
 .debug_macro   0x0000fe88      0xf9a ./CMSIS/EFM32HG/system_efm32hg.o
 .debug_macro   0x00010e22      0xa5b ./CMSIS/EFM32HG/system_efm32hg.o
 .debug_macro   0x0001187d     0x106a ./CMSIS/EFM32HG/system_efm32hg.o
 .debug_macro   0x000128e7      0x37f ./CMSIS/EFM32HG/system_efm32hg.o
 .debug_macro   0x00012c66      0x1c9 ./CMSIS/EFM32HG/system_efm32hg.o
 .debug_macro   0x00012e2f      0x166 ./CMSIS/EFM32HG/system_efm32hg.o
 .debug_macro   0x00012f95      0x256 ./CMSIS/EFM32HG/system_efm32hg.o
 .debug_macro   0x000131eb       0x40 ./CMSIS/EFM32HG/system_efm32hg.o
 .debug_macro   0x0001322b      0x18c ./CMSIS/EFM32HG/system_efm32hg.o
 .debug_macro   0x000133b7      0x11e ./CMSIS/EFM32HG/system_efm32hg.o
 .debug_macro   0x000134d5       0xc4 ./CMSIS/EFM32HG/system_efm32hg.o
 .debug_macro   0x00013599      0x252 ./CMSIS/EFM32HG/system_efm32hg.o
 .debug_macro   0x000137eb       0x27 ./CMSIS/EFM32HG/system_efm32hg.o
 .debug_macro   0x00013812      0x100 ./CMSIS/EFM32HG/system_efm32hg.o
 .debug_macro   0x00013912      0x100 ./CMSIS/EFM32HG/system_efm32hg.o
 .debug_macro   0x00013a12      0x391 ./emlib/em_cmu.o
 .debug_macro   0x00013da3       0x22 ./emlib/em_cmu.o
 .debug_macro   0x00013dc5       0x10 ./emlib/em_cmu.o
 .debug_macro   0x00013dd5       0xbf ./emlib/em_cmu.o
 .debug_macro   0x00013e94       0x69 ./emlib/em_cmu.o
 .debug_macro   0x00013efd      0x33e ./emlib/em_cmu.o
 .debug_macro   0x0001423b       0x2b ./emlib/em_cmu.o
 .debug_macro   0x00014266       0xee ./emlib/em_cmu.o
 .debug_macro   0x00014354       0x11 ./emlib/em_cmu.o
 .debug_macro   0x00014365      0x334 ./emlib/em_core.o
 .debug_macro   0x00014699       0x63 ./emlib/em_core.o
 .debug_macro   0x000146fc       0xba ./emlib/em_core.o
 .debug_macro   0x000147b6      0x3c3 ./emlib/em_emu.o
 .debug_macro   0x00014b79       0x52 ./emlib/em_emu.o
 .debug_macro   0x00014bcb       0x55 ./emlib/em_emu.o
 .debug_macro   0x00014c20      0x353 ./emlib/em_emu.o
 .debug_macro   0x00014f73       0x25 ./emlib/em_emu.o
 .debug_macro   0x00014f98       0xaf ./emlib/em_emu.o
 .debug_macro   0x00015047       0xc0 ./emlib/em_emu.o
 .debug_macro   0x00015107       0x34 ./emlib/em_emu.o
 .debug_macro   0x0001513b      0x31b ./emlib/em_gpio.o
 .debug_macro   0x00015456       0xb9 ./emlib/em_gpio.o
 .debug_macro   0x0001550f      0x37d ./emlib/em_i2c.o
 .debug_macro   0x0001588c       0x3f ./emlib/em_i2c.o
 .debug_macro   0x000158cb      0x349 ./src/i2cspm.o
 .debug_macro   0x00015c14       0x16 ./src/i2cspm.o
 .debug_macro   0x00015c2a       0x45 ./src/i2cspm.o
 .debug_macro   0x00015c6f      0x4c8 ./src/main_zg_hg.o
 .debug_macro   0x00016137       0x16 ./src/main_zg_hg.o
 .debug_macro   0x0001614d       0x57 ./src/main_zg_hg.o
 .debug_macro   0x000161a4       0x97 ./src/main_zg_hg.o
 .debug_macro   0x0001623b       0xf6 ./src/main_zg_hg.o
 .debug_macro   0x00016331       0x10 ./src/main_zg_hg.o
 .debug_macro   0x00016341       0x10 ./src/main_zg_hg.o
 .debug_macro   0x00016351       0xb6 ./src/main_zg_hg.o
 .debug_macro   0x00016407       0x16 ./src/main_zg_hg.o
 .debug_macro   0x0001641d      0x129 ./src/main_zg_hg.o
 .debug_macro   0x00016546       0x16 ./src/main_zg_hg.o
 .debug_macro   0x0001655c       0xac ./src/main_zg_hg.o
 .debug_macro   0x00016608       0x76 ./src/main_zg_hg.o
 .debug_macro   0x0001667e       0xf1 ./src/main_zg_hg.o
 .debug_macro   0x0001676f       0x3a ./src/main_zg_hg.o

.debug_frame    0x00000000      0xa94
 .debug_frame   0x00000000       0xd0 ./CMSIS/EFM32HG/system_efm32hg.o
 .debug_frame   0x000000d0      0x2a8 ./emlib/em_cmu.o
 .debug_frame   0x00000378      0x208 ./emlib/em_core.o
 .debug_frame   0x00000580      0x150 ./emlib/em_emu.o
 .debug_frame   0x000006d0       0xa0 ./emlib/em_gpio.o
 .debug_frame   0x00000770       0xd8 ./emlib/em_i2c.o
 .debug_frame   0x00000848       0x48 ./src/i2cspm.o
 .debug_frame   0x00000890      0x150 ./src/main_zg_hg.o
 .debug_frame   0x000009e0       0x20 c:/siliconlabs/simplicitystudio/v4/developer/toolchains/gnu_arm/7.2_2017q4/bin/../lib/gcc/arm-none-eabi/7.2.1/thumb/v6-m\libgcc.a(_udivsi3.o)
 .debug_frame   0x00000a00       0x28 c:/siliconlabs/simplicitystudio/v4/developer/toolchains/gnu_arm/7.2_2017q4/bin/../lib/gcc/arm-none-eabi/7.2.1/../../../../arm-none-eabi/lib/thumb/v6-m\libc_nano.a(lib_a-exit.o)
 .debug_frame   0x00000a28       0x2c c:/siliconlabs/simplicitystudio/v4/developer/toolchains/gnu_arm/7.2_2017q4/bin/../lib/gcc/arm-none-eabi/7.2.1/../../../../arm-none-eabi/lib/thumb/v6-m\libc_nano.a(lib_a-init.o)
 .debug_frame   0x00000a54       0x20 c:/siliconlabs/simplicitystudio/v4/developer/toolchains/gnu_arm/7.2_2017q4/bin/../lib/gcc/arm-none-eabi/7.2.1/../../../../arm-none-eabi/lib/thumb/v6-m\libc_nano.a(lib_a-memset.o)
 .debug_frame   0x00000a74       0x20 c:/siliconlabs/simplicitystudio/v4/developer/toolchains/gnu_arm/7.2_2017q4/bin/../lib/gcc/arm-none-eabi/7.2.1/../../../../arm-none-eabi/lib/thumb/v6-m\libnosys.a(_exit.o)
